--------- beginning of main
04-02 16:57:40.973 23932 23946 W System  : A resource failed to call close. 
04-02 16:57:49.058  2235  2235 E netmgr  : Failed to open QEMU pipe 'qemud:network': Invalid argument
04-02 16:57:50.620 11386 13402 W GmsLocationProvider: Error removing location updates: 16
04-02 16:58:00.026  2473  2831 D EGL_emulation: eglMakeCurrent: 0xf06ad030: ver 3 0 (tinfo 0xf073b230)
04-02 16:58:00.033  1848  1848 E servicemanager: Could not find android.hardware.power.IPower/default in the VINTF manifest.
04-02 16:58:03.645 12681 12681 I Choreographer: Skipped 44 frames!  The application may be doing too much work on its main thread.
04-02 16:58:07.946  2265  2265 E wifi_forwarder: RemoteConnection failed to initialize: RemoteConnection failed to open pipe
04-02 16:58:49.120  2235  2235 E netmgr  : Failed to open QEMU pipe 'qemud:network': Invalid argument
04-02 16:59:00.030  1848  1848 E servicemanager: Could not find android.hardware.power.IPower/default in the VINTF manifest.
04-02 16:59:08.003  2265  2265 E wifi_forwarder: RemoteConnection failed to initialize: RemoteConnection failed to open pipe
04-02 16:59:09.917 15269 15272 I cmd     : oneway function results will be dropped but finished with status OK and parcel size 4
--------- beginning of system
04-02 16:59:10.004  2308  3436 I ActivityManager: Force stopping com.chesapeaketechnology.salute appid=10147 user=0: from pid 15278
04-02 16:59:10.004  2308  3436 I ActivityManager: Killing 15101:com.chesapeaketechnology.salute/u0a147 (adj 0): stop com.chesapeaketechnology.salute
04-02 16:59:10.006  2308  3436 W ActivityTaskManager: Force removing ActivityRecord{33f27f3 u0 com.chesapeaketechnology.salute/.MainActivity t234 f}}: app died, no saved state
04-02 16:59:10.007  2308  2333 I libprocessgroup: Successfully killed process cgroup uid 10147 pid 15101 in 0ms
04-02 16:59:10.009  1848  1848 E servicemanager: Could not find android.hardware.power.IPower/default in the VINTF manifest.
04-02 16:59:10.018  2308  3436 W InputReader: Device virtio_input_multi_touch_10 is associated with display ADISPLAY_ID_NONE.
04-02 16:59:10.018  2308  3436 W InputReader: Device virtio_input_multi_touch_4 is associated with display ADISPLAY_ID_NONE.
04-02 16:59:10.018  2308  3436 W InputReader: Device virtio_input_multi_touch_11 is associated with display ADISPLAY_ID_NONE.
04-02 16:59:10.018  2308  3436 W InputReader: Device virtio_input_multi_touch_9 is associated with display ADISPLAY_ID_NONE.
04-02 16:59:10.018  2308  3436 W InputReader: Device virtio_input_multi_touch_5 is associated with display ADISPLAY_ID_NONE.
04-02 16:59:10.018  2308  3436 W InputReader: Device virtio_input_multi_touch_2 is associated with display ADISPLAY_ID_NONE.
04-02 16:59:10.018  2308  3436 W InputReader: Device virtio_input_multi_touch_7 is associated with display ADISPLAY_ID_NONE.
04-02 16:59:10.018  2308  3436 W InputReader: Device virtio_input_multi_touch_6 is associated with display ADISPLAY_ID_NONE.
04-02 16:59:10.018  2308  3436 W InputReader: Device virtio_input_multi_touch_3 is associated with display ADISPLAY_ID_NONE.
04-02 16:59:10.018  2308  3436 W InputReader: Device virtio_input_multi_touch_8 is associated with display ADISPLAY_ID_NONE.
04-02 16:59:10.019  2308  3436 W InputReader: Device virtio_input_multi_touch_10 is associated with display ADISPLAY_ID_NONE.
04-02 16:59:10.019  2308  3436 W InputReader: Device virtio_input_multi_touch_4 is associated with display ADISPLAY_ID_NONE.
04-02 16:59:10.019  2308  3436 W InputReader: Device virtio_input_multi_touch_11 is associated with display ADISPLAY_ID_NONE.
04-02 16:59:10.019  2308  3436 W InputReader: Device virtio_input_multi_touch_9 is associated with display ADISPLAY_ID_NONE.
04-02 16:59:10.019  2308  3436 W InputReader: Device virtio_input_multi_touch_5 is associated with display ADISPLAY_ID_NONE.
04-02 16:59:10.019  2308  3436 W InputReader: Device virtio_input_multi_touch_2 is associated with display ADISPLAY_ID_NONE.
04-02 16:59:10.019  2308  3436 W InputReader: Device virtio_input_multi_touch_7 is associated with display ADISPLAY_ID_NONE.
04-02 16:59:10.019  2308  3436 W InputReader: Device virtio_input_multi_touch_6 is associated with display ADISPLAY_ID_NONE.
04-02 16:59:10.019  2308  3436 W InputReader: Device virtio_input_multi_touch_3 is associated with display ADISPLAY_ID_NONE.
04-02 16:59:10.019  2308  3436 W InputReader: Device virtio_input_multi_touch_8 is associated with display ADISPLAY_ID_NONE.
04-02 16:59:10.026  1848  1848 E servicemanager: Could not find android.hardware.power.IPower/default in the VINTF manifest.
04-02 16:59:10.028  1848  1848 E servicemanager: Could not find android.hardware.power.IPower/default in the VINTF manifest.
04-02 16:59:10.030 15278 15280 I cmd     : oneway function results will be dropped but finished with status OK and parcel size 4
04-02 16:59:10.044  2646  2646 D CarrierSvcBindHelper: No carrier app for: 0
04-02 16:59:10.045  1848  1848 E servicemanager: Could not find android.hardware.power.IPower/default in the VINTF manifest.
04-02 16:59:10.050  2308  2308 W ActivityManager: Unable to start service Intent { act=android.service.contentcapture.ContentCaptureService cmp=com.google.android.as/com.google.android.apps.miphone.aiai.app.AiAiContentCaptureService } U=0: not found
04-02 16:59:10.051  2308  2308 W RemoteContentCaptureService: could not bind to Intent { act=android.service.contentcapture.ContentCaptureService cmp=com.google.android.as/com.google.android.apps.miphone.aiai.app.AiAiContentCaptureService } using flags 67108865
04-02 16:59:10.064  2308  2308 W ActivityManager: Unable to start service Intent { act=android.service.contentcapture.ContentCaptureService cmp=com.google.android.as/com.google.android.apps.miphone.aiai.app.AiAiContentCaptureService } U=0: not found
04-02 16:59:10.065  2308  2308 W RemoteContentCaptureService: could not bind to Intent { act=android.service.contentcapture.ContentCaptureService cmp=com.google.android.as/com.google.android.apps.miphone.aiai.app.AiAiContentCaptureService } using flags 67108865
04-02 16:59:10.057  1848  1848 I chatty  : uid=1000(system) /system/bin/servicemanager identical 1 line
04-02 16:59:10.074  1848  1848 E servicemanager: Could not find android.hardware.power.IPower/default in the VINTF manifest.
04-02 16:59:10.078  2076  2144 D eglCodecCommon: allocate: Ask for block of size 0x8e6200
04-02 16:59:10.079  2076  2144 D eglCodecCommon: allocate: ioctl allocate returned offset 0x3f6d0e000 size 0x8e8000
04-02 16:59:10.099  1848  1848 E servicemanager: Could not find android.hardware.power.IPower/default in the VINTF manifest.
04-02 16:59:10.109  1848  1848 E servicemanager: Could not find android.hardware.power.IPower/default in the VINTF manifest.
04-02 16:59:10.109  2076  2144 D eglCodecCommon: allocate: Ask for block of size 0x8e6200
04-02 16:59:10.109  2076  2144 D eglCodecCommon: allocate: ioctl allocate returned offset 0x3f50a9000 size 0x8e8000
04-02 16:59:10.116  1848  1848 E servicemanager: Could not find android.hardware.power.IPower/default in the VINTF manifest.
04-02 16:59:10.120  2076  2881 D eglCodecCommon: allocate: Ask for block of size 0x8e6200
04-02 16:59:10.120  2076  2881 D eglCodecCommon: allocate: ioctl allocate returned offset 0x3f47c1000 size 0x8e8000
04-02 16:59:10.123  2076  2144 D eglCodecCommon: allocate: Ask for block of size 0x8e6200
04-02 16:59:10.123  2076  2144 D eglCodecCommon: allocate: ioctl allocate returned offset 0x3fb688000 size 0x8e8000
04-02 16:59:10.128  2770  3202 D EGL_emulation: eglMakeCurrent: 0xf069eee0: ver 3 0 (tinfo 0xf0735a10)
04-02 16:59:10.144  2076  2881 D eglCodecCommon: allocate: Ask for block of size 0x8e6200
04-02 16:59:10.144  2076  2881 D eglCodecCommon: allocate: ioctl allocate returned offset 0x3fada0000 size 0x8e8000
04-02 16:59:10.156  2076  2076 D eglCodecCommon: allocate: Ask for block of size 0x8e6200
04-02 16:59:10.157  2076  2076 D eglCodecCommon: allocate: ioctl allocate returned offset 0x3f8a0a000 size 0x8e8000
04-02 16:59:10.158  1848  1848 E servicemanager: Could not find android.hardware.power.IPower/default in the VINTF manifest.
04-02 16:59:10.168  2308  2308 W ActivityManager: Unable to start service Intent { act=android.service.appprediction.AppPredictionService cmp=com.google.android.as/com.google.android.apps.miphone.aiai.app.AiAiPredictionService } U=0: not found
04-02 16:59:10.168  2308  2308 W RemoteAppPredictionService: could not bind to Intent { act=android.service.appprediction.AppPredictionService cmp=com.google.android.as/com.google.android.apps.miphone.aiai.app.AiAiPredictionService } using flags 67108865
04-02 16:59:10.165  1848  1848 E servicemanager: Could not find android.hardware.power.IPower/default in the VINTF manifest.
04-02 16:59:10.171 11386 11627 D EGL_emulation: eglMakeCurrent: 0xf06841b0: ver 3 0 (tinfo 0xb8e083f0)
04-02 16:59:10.181  1848  1848 E servicemanager: Could not find android.hardware.power.IPower/default in the VINTF manifest.
04-02 16:59:10.181  2473  2473 D ImageWallpaper: wallpaper visibility changes: true
04-02 16:59:10.182  1848  1848 E servicemanager: Could not find android.hardware.power.IPower/default in the VINTF manifest.
04-02 16:59:10.186  1848  1848 I chatty  : uid=1000(system) /system/bin/servicemanager identical 3 lines
04-02 16:59:10.194  1848  1848 E servicemanager: Could not find android.hardware.power.IPower/default in the VINTF manifest.
04-02 16:59:10.201  2063  2063 I Zygote  : Process 15101 exited due to signal 9 (Killed)
04-02 16:59:10.204  2473  2831 D EGL_emulation: eglMakeCurrent: 0xf06ad030: ver 3 0 (tinfo 0xf073b230)
04-02 16:59:10.209  1848  1848 E servicemanager: Could not find android.hardware.power.IPower/default in the VINTF manifest.
04-02 16:59:10.210  1848  1848 E servicemanager: Could not find android.hardware.power.IPower/default in the VINTF manifest.
04-02 16:59:10.217 11386 11386 W ThreadPoolDumper: Queue length for executor EventBus is now 11. Perhaps some tasks are too long, or the pool is too small.
04-02 16:59:10.221  1848  1848 E servicemanager: Could not find android.hardware.power.IPower/default in the VINTF manifest.
04-02 16:59:10.221  1848  1848 I chatty  : uid=1000(system) /system/bin/servicemanager identical 2 lines
04-02 16:59:10.221  1848  1848 E servicemanager: Could not find android.hardware.power.IPower/default in the VINTF manifest.
04-02 16:59:10.224  2308  2325 E EventSequenceValidator: IntentStarted during UNKNOWN.Intent { act=android.intent.action.MAIN cat=[android.intent.category.LAUNCHER] flg=0x10000000 cmp=com.chesapeaketechnology.salute/.MainActivity }
04-02 16:59:10.224  2308  2325 I EventSequenceValidator: inc AccIntentStartedEvents to 2
04-02 16:59:10.227  1848  1848 E servicemanager: Could not find android.hardware.power.IPower/default in the VINTF manifest.
04-02 16:59:10.229  2163  2375 D iorapd  : EventManager: Looking up compiled trace done in 0ms.
04-02 16:59:10.229  2163  2375 D iorapd  : Cannot find compiled trace in sqlite for package_name: com.chesapeaketechnology.salute activity_name: com.chesapeaketechnology.salute.MainActivity
04-02 16:59:10.229  2163  2375 E iorapd  : Prebuilt compiled trace doesn't exists. file_path: /product/iorap-trace/com.chesapeaketechnology.salute.compiled_trace.pb
04-02 16:59:10.230  2308  2331 I DropBoxManagerService: add tag=system_server_wtf isTagEnabled=true flags=0x2
04-02 16:59:10.237  2308  2325 W ActivityManager: setHasOverlayUi called on unknown pid: 15101
04-02 16:59:10.238  2308  2325 I ActivityManager: Force stopping com.chesapeaketechnology.salute appid=10147 user=-1: set debug app
04-02 16:59:10.245  2308  3806 I ActivityTaskManager: START u0 {act=android.intent.action.MAIN cat=[android.intent.category.LAUNCHER] flg=0x10000000 cmp=com.chesapeaketechnology.salute/.MainActivity} from uid 2000
04-02 16:59:10.250  2163 15291 D iorapd  : Create Perfetto handle 228
04-02 16:59:10.251  2163 15293 D iorapd  : PerfettoConsumer::StartTracing(handle=228)
04-02 16:59:10.241  1848  1848 I chatty  : uid=1000(system) /system/bin/servicemanager identical 5 lines
04-02 16:59:10.249  1848  1848 E servicemanager: Could not find android.hardware.power.IPower/default in the VINTF manifest.
04-02 16:59:10.251  2153  2153 I perfetto: ing_service_impl.cc:692 Configured tracing session 228, #sources:1, duration:5000 ms, #buffers:1, total buffer size:4096 KB, total sessions:4, uid:1071 session name: ""
04-02 16:59:10.252  1848  1848 E servicemanager: Could not find android.hardware.power.IPower/default in the VINTF manifest.
04-02 16:59:10.253  2151  2151 I perfetto: probes_producer.cc:256  Ftrace setup (target_buf=228)
04-02 16:59:10.253  1848  1848 E servicemanager: Could not find android.hardware.power.IPower/default in the VINTF manifest.
04-02 16:59:10.254  1848  1848 E servicemanager: Could not find android.hardware.power.IPower/default in the VINTF manifest.
04-02 16:59:10.257  2151  2151 I perfetto: ftrace_procfs.cc:176    enabled ftrace
04-02 16:59:10.258  1848  1848 E servicemanager: Could not find android.hardware.power.IPower/default in the VINTF manifest.
04-02 16:59:10.258 15284 15286 I cmd     : oneway function results will be dropped but finished with status OK and parcel size 4
04-02 16:59:10.262  2308  2325 D CompatibilityChangeReporter: Compat change id reported: 135754954; UID 10147; state: DISABLED
04-02 16:59:10.263  2308  2325 E EventSequenceValidator: onActivityLaunched during UNKNOWN.
04-02 16:59:10.265  2163  2375 D iorapd  : EventManager: Looking up compiled trace done in 0ms.
04-02 16:59:10.265  2163  2375 D iorapd  : Cannot find compiled trace in sqlite for package_name: com.chesapeaketechnology.salute activity_name: com.chesapeaketechnology.salute.MainActivity
04-02 16:59:10.265  2163  2375 E iorapd  : Prebuilt compiled trace doesn't exists. file_path: /product/iorap-trace/com.chesapeaketechnology.salute.compiled_trace.pb
04-02 16:59:10.265  2308  2331 I DropBoxManagerService: add tag=system_server_wtf isTagEnabled=true flags=0x2
04-02 16:59:10.266  1848  1848 E servicemanager: Could not find android.hardware.power.IPower/default in the VINTF manifest.
04-02 16:59:10.270  2308  2308 W ActivityManager: Unable to start service Intent { act=android.service.contentcapture.ContentCaptureService cmp=com.google.android.as/com.google.android.apps.miphone.aiai.app.AiAiContentCaptureService } U=0: not found
04-02 16:59:10.270  2308  2308 W RemoteContentCaptureService: could not bind to Intent { act=android.service.contentcapture.ContentCaptureService cmp=com.google.android.as/com.google.android.apps.miphone.aiai.app.AiAiContentCaptureService } using flags 67108865
04-02 16:59:10.272  1848  1848 I chatty  : uid=1000(system) /system/bin/servicemanager identical 3 lines
04-02 16:59:10.273  1848  1848 E servicemanager: Could not find android.hardware.power.IPower/default in the VINTF manifest.
04-02 16:59:10.291  2063  2063 D Zygote  : Forked child process 15298
04-02 16:59:10.292  2308  2332 I ActivityManager: Start proc 15298:com.chesapeaketechnology.salute/u0a147 for pre-top-activity {com.chesapeaketechnology.salute/com.chesapeaketechnology.salute.MainActivity}
04-02 16:59:10.295 11386 11423 I MicroDataManager: isInitializing-false locale not changed-true model not changed-true
04-02 16:59:10.299  1848  1848 E servicemanager: Could not find android.hardware.power.IPower/default in the VINTF manifest.
04-02 16:59:10.296 15298 15298 I chnology.salut: Not late-enabling -Xcheck:jni (already on)
04-02 16:59:10.303  1848  1848 E servicemanager: Could not find android.hardware.power.IPower/default in the VINTF manifest.
04-02 16:59:10.304  1848  1848 I chatty  : uid=1000(system) /system/bin/servicemanager identical 2 lines
04-02 16:59:10.305  1848  1848 E servicemanager: Could not find android.hardware.power.IPower/default in the VINTF manifest.
04-02 16:59:10.310  2076  2076 D eglCodecCommon: allocate: Ask for block of size 0x8e6200
04-02 16:59:10.310  2076  2076 D eglCodecCommon: allocate: ioctl allocate returned offset 0x3f8122000 size 0x8e8000
04-02 16:59:10.317  1848  1848 E servicemanager: Could not find android.hardware.power.IPower/default in the VINTF manifest.
04-02 16:59:10.333  1848  1848 I chatty  : uid=1000(system) /system/bin/servicemanager identical 4 lines
04-02 16:59:10.335  1848  1848 E servicemanager: Could not find android.hardware.power.IPower/default in the VINTF manifest.
04-02 16:59:10.347 15298 15298 I chnology.salut: Unquickening 13 vdex files!
04-02 16:59:10.348  1848  1848 E servicemanager: Could not find android.hardware.power.IPower/default in the VINTF manifest.
04-02 16:59:10.349  1848  1848 E servicemanager: Could not find android.hardware.power.IPower/default in the VINTF manifest.
04-02 16:59:10.349 15298 15298 W chnology.salut: Unexpected CPU variant for X86 using defaults: x86
04-02 16:59:10.352  1848  1848 E servicemanager: Could not find android.hardware.power.IPower/default in the VINTF manifest.
04-02 16:59:10.354  1848  1848 E servicemanager: Could not find android.hardware.power.IPower/default in the VINTF manifest.
04-02 16:59:10.359 23932 29860 I Icing   : IndexChimeraService.getServiceInterface callingPackage=com.google.android.gms componentName=null serviceId=36
04-02 16:59:10.361 23932 22066 I Icing   : IndexChimeraService.getServiceInterface callingPackage=com.google.android.googlequicksearchbox componentName=null serviceId=36
04-02 16:59:10.362 11386 11423 I StreamController: registerScope: nowcards-15-d5fb537-ac72
04-02 16:59:10.364  2148  2209 I adbd    : jdwp connection from 15298
04-02 16:59:10.364  1848  1848 E servicemanager: Could not find android.hardware.power.IPower/default in the VINTF manifest.
04-02 16:59:10.382  1848  1848 I chatty  : uid=1000(system) /system/bin/servicemanager identical 4 lines
04-02 16:59:10.384  1848  1848 E servicemanager: Could not find android.hardware.power.IPower/default in the VINTF manifest.
04-02 16:59:10.388  2308  3443 W InputReader: Device virtio_input_multi_touch_10 is associated with display ADISPLAY_ID_NONE.
04-02 16:59:10.388  2308  3443 W InputReader: Device virtio_input_multi_touch_4 is associated with display ADISPLAY_ID_NONE.
04-02 16:59:10.388  2308  3443 W InputReader: Device virtio_input_multi_touch_11 is associated with display ADISPLAY_ID_NONE.
04-02 16:59:10.388  2308  3443 W InputReader: Device virtio_input_multi_touch_9 is associated with display ADISPLAY_ID_NONE.
04-02 16:59:10.388  2308  3443 W InputReader: Device virtio_input_multi_touch_5 is associated with display ADISPLAY_ID_NONE.
04-02 16:59:10.388  2308  3443 W InputReader: Device virtio_input_multi_touch_2 is associated with display ADISPLAY_ID_NONE.
04-02 16:59:10.388  2308  3443 W InputReader: Device virtio_input_multi_touch_7 is associated with display ADISPLAY_ID_NONE.
04-02 16:59:10.388  2308  3443 W InputReader: Device virtio_input_multi_touch_6 is associated with display ADISPLAY_ID_NONE.
04-02 16:59:10.388  2308  3443 W InputReader: Device virtio_input_multi_touch_3 is associated with display ADISPLAY_ID_NONE.
04-02 16:59:10.388  2308  3443 W InputReader: Device virtio_input_multi_touch_8 is associated with display ADISPLAY_ID_NONE.
04-02 16:59:10.388  2308  3443 W InputReader: Device virtio_input_multi_touch_10 is associated with display ADISPLAY_ID_NONE.
04-02 16:59:10.388  2308  3443 W InputReader: Device virtio_input_multi_touch_4 is associated with display ADISPLAY_ID_NONE.
04-02 16:59:10.388  2308  3443 W InputReader: Device virtio_input_multi_touch_11 is associated with display ADISPLAY_ID_NONE.
04-02 16:59:10.388  2308  3443 W InputReader: Device virtio_input_multi_touch_9 is associated with display ADISPLAY_ID_NONE.
04-02 16:59:10.388  2308  3443 W InputReader: Device virtio_input_multi_touch_5 is associated with display ADISPLAY_ID_NONE.
04-02 16:59:10.388  2308  3443 W InputReader: Device virtio_input_multi_touch_2 is associated with display ADISPLAY_ID_NONE.
04-02 16:59:10.388  2308  3443 W InputReader: Device virtio_input_multi_touch_7 is associated with display ADISPLAY_ID_NONE.
04-02 16:59:10.388  2308  3443 W InputReader: Device virtio_input_multi_touch_6 is associated with display ADISPLAY_ID_NONE.
04-02 16:59:10.388  2308  3443 W InputReader: Device virtio_input_multi_touch_3 is associated with display ADISPLAY_ID_NONE.
04-02 16:59:10.388  2308  3443 W InputReader: Device virtio_input_multi_touch_8 is associated with display ADISPLAY_ID_NONE.
04-02 16:59:10.388  1848  1848 E servicemanager: Could not find android.hardware.power.IPower/default in the VINTF manifest.
04-02 16:59:10.407  2308  2308 W ActivityManager: Unable to start service Intent { act=android.service.contentcapture.ContentCaptureService cmp=com.google.android.as/com.google.android.apps.miphone.aiai.app.AiAiContentCaptureService } U=0: not found
04-02 16:59:10.407  2308  2308 W RemoteContentCaptureService: could not bind to Intent { act=android.service.contentcapture.ContentCaptureService cmp=com.google.android.as/com.google.android.apps.miphone.aiai.app.AiAiContentCaptureService } using flags 67108865
04-02 16:59:10.401  1848  1848 I chatty  : uid=1000(system) /system/bin/servicemanager identical 4 lines
04-02 16:59:10.403  1848  1848 E servicemanager: Could not find android.hardware.power.IPower/default in the VINTF manifest.
04-02 16:59:10.424 23932  8642 I GmsCoreXrpcWrapper: Returning a channel provider with trafficStatsTag=12803
04-02 16:59:10.430  1848  1848 E servicemanager: Could not find android.hardware.power.IPower/default in the VINTF manifest.
04-02 16:59:10.460  1848  1848 I chatty  : uid=1000(system) /system/bin/servicemanager identical 9 lines
04-02 16:59:10.466  1848  1848 E servicemanager: Could not find android.hardware.power.IPower/default in the VINTF manifest.
04-02 16:59:10.467  2770  3202 D EGL_emulation: eglMakeCurrent: 0xf069eee0: ver 3 0 (tinfo 0xf0735a10)
04-02 16:59:10.470 15298 15298 W ActivityThread: Application com.chesapeaketechnology.salute is waiting for the debugger on port 8100...
04-02 16:59:10.471  1848  1848 E servicemanager: Could not find android.hardware.power.IPower/default in the VINTF manifest.
04-02 16:59:10.471  1848  1848 E servicemanager: Could not find android.hardware.power.IPower/default in the VINTF manifest.
04-02 16:59:10.472 15298 15298 I System.out: Sending WAIT chunk
04-02 16:59:10.483  1848  1848 E servicemanager: Could not find android.hardware.power.IPower/default in the VINTF manifest.
04-02 16:59:10.484  1848  1848 I chatty  : uid=1000(system) /system/bin/servicemanager identical 1 line
04-02 16:59:10.498  1848  1848 E servicemanager: Could not find android.hardware.power.IPower/default in the VINTF manifest.
04-02 16:59:10.507 11386 11627 D EGL_emulation: eglMakeCurrent: 0xf06841b0: ver 3 0 (tinfo 0xb8e083f0)
04-02 16:59:10.511  1848  1848 E servicemanager: Could not find android.hardware.power.IPower/default in the VINTF manifest.
04-02 16:59:10.515 15326 15327 I cmd     : oneway function results will be dropped but finished with status OK and parcel size 4
04-02 16:59:10.516  1848  1848 E servicemanager: Could not find android.hardware.power.IPower/default in the VINTF manifest.
04-02 16:59:10.517  1848  1848 E servicemanager: Could not find android.hardware.power.IPower/default in the VINTF manifest.
04-02 16:59:10.519 11386 13402 W LocationOracle: No location history returned by ContextManager
04-02 16:59:10.531  1848  1848 E servicemanager: Could not find android.hardware.power.IPower/default in the VINTF manifest.
04-02 16:59:10.534 11386 11423 I MicroDetectionState: Should stop hotword detection immediately - false
04-02 16:59:10.544 11386 11423 I chatty  : uid=10102(com.google.android.googlequicksearchbox) EventBus0 identical 1 line
04-02 16:59:10.546 11386 11423 I MicroDetectionState: Should stop hotword detection immediately - false
04-02 16:59:10.551  2308  5989 D HostConnection: HostConnection::get() New Host Connection established 0xbb82f890, tid 5989
04-02 16:59:10.552  2308  5989 D HostConnection: HostComposition ext ANDROID_EMU_CHECKSUM_HELPER_v1 ANDROID_EMU_native_sync_v2 ANDROID_EMU_native_sync_v3 ANDROID_EMU_native_sync_v4 ANDROID_EMU_dma_v1 ANDROID_EMU_direct_mem ANDROID_EMU_host_composition_v1 ANDROID_EMU_host_composition_v2 ANDROID_EMU_YUV_Cache ANDROID_EMU_async_unmap_buffer GL_OES_EGL_image_external_essl3 GL_OES_vertex_array_object GL_KHR_texture_compression_astc_ldr ANDROID_EMU_gles_max_version_3_0 
04-02 16:59:10.555  2308  5989 W OpenGLRenderer: Failed to choose config with EGL_SWAP_BEHAVIOR_PRESERVED, retrying without...
04-02 16:59:10.555  2308  5989 D EGL_emulation: eglCreateContext: 0xf06a4f20: maj 3 min 0 rcv 3
04-02 16:59:10.557 11386 11423 I MicroDetectionState: Should stop hotword detection immediately - false
04-02 16:59:10.559  2308  5989 D EGL_emulation: eglMakeCurrent: 0xf06a4f20: ver 3 0 (tinfo 0xb57e8610)
04-02 16:59:10.561 11386 11423 E MicroDetectionWorker: Stale runnable..ignoring
04-02 16:59:10.564  1848  1848 E servicemanager: Could not find android.hardware.power.IPower/default in the VINTF manifest.
04-02 16:59:10.573 23932 29860 I Icing   : IndexChimeraService.getServiceInterface callingPackage=com.google.android.gms componentName=null serviceId=30
04-02 16:59:10.585  1848  1848 E servicemanager: Could not find android.hardware.power.IPower/default in the VINTF manifest.
04-02 16:59:10.587  2076  2076 D eglCodecCommon: allocate: Ask for block of size 0x353f40
04-02 16:59:10.587  2076  2076 D eglCodecCommon: allocate: ioctl allocate returned offset 0x3fca70000 size 0x355000
04-02 16:59:10.601  1848  1848 E servicemanager: Could not find android.hardware.power.IPower/default in the VINTF manifest.
04-02 16:59:10.602  2308  5989 D EGL_emulation: eglMakeCurrent: 0xf06a4f20: ver 3 0 (tinfo 0xb57e8610)
04-02 16:59:10.603  2076  2076 D eglCodecCommon: allocate: Ask for block of size 0x353f40
04-02 16:59:10.603  2076  2076 D eglCodecCommon: allocate: ioctl allocate returned offset 0x3f7dcd000 size 0x355000
04-02 16:59:10.607  2076  2144 D eglCodecCommon: allocate: Ask for block of size 0x353f40
04-02 16:59:10.607  2076  2144 D eglCodecCommon: allocate: ioctl allocate returned offset 0x3f7a78000 size 0x355000
04-02 16:59:10.615  1848  1848 E servicemanager: Could not find android.hardware.power.IPower/default in the VINTF manifest.
04-02 16:59:10.620  2840 14967 I Places  : ?: Couldn't find platform key file.
04-02 16:59:10.632  1848  1848 E servicemanager: Could not find android.hardware.power.IPower/default in the VINTF manifest.
04-02 16:59:10.652  2308  2323 W Looper  : Slow dispatch took 132ms android.ui h=android.view.Choreographer$FrameHandler c=android.view.Choreographer$FrameDisplayEventReceiver@e8c57e0 m=0
04-02 16:59:10.649  1848  1848 I chatty  : uid=1000(system) /system/bin/servicemanager identical 1 line
04-02 16:59:10.649  1848  1848 E servicemanager: Could not find android.hardware.power.IPower/default in the VINTF manifest.
04-02 16:59:10.653  2840  2840 I GeofencerStateMachine: removeGeofences: removeRequest=RemoveGeofencingRequest[REMOVE_BY_PENDING_INTENT pendingIntent=PendingIntent[creatorPackage=com.google.android.gms], packageName=com.google.android.gms]
04-02 16:59:10.655  1848  1848 E servicemanager: Could not find android.hardware.power.IPower/default in the VINTF manifest.
04-02 16:59:10.655  2840  2840 I GeofencerStateMachine: removeGeofences: removeRequest=RemoveGeofencingRequest[REMOVE_BY_PENDING_INTENT pendingIntent=PendingIntent[creatorPackage=com.google.android.gms], packageName=com.google.android.gms]
04-02 16:59:10.660  1848  1848 E servicemanager: Could not find android.hardware.power.IPower/default in the VINTF manifest.
04-02 16:59:10.665  1848  1848 I chatty  : uid=1000(system) /system/bin/servicemanager identical 2 lines
04-02 16:59:10.667  1848  1848 E servicemanager: Could not find android.hardware.power.IPower/default in the VINTF manifest.
04-02 16:59:10.667  2840  2840 I GeofencerStateMachine: removeGeofences: removeRequest=RemoveGeofencingRequest[REMOVE_BY_PENDING_INTENT pendingIntent=PendingIntent[creatorPackage=com.google.android.gms], packageName=com.google.android.gms]
04-02 16:59:10.681  1848  1848 E servicemanager: Could not find android.hardware.power.IPower/default in the VINTF manifest.
04-02 16:59:10.684  1848  1848 E servicemanager: Could not find android.hardware.power.IPower/default in the VINTF manifest.
04-02 16:59:10.684  2840 15243 W ctxmgr  : [AclManager] No 3 for (accnt=account#1043286173#, com.google.android.gms(10103):UserVelocityProducer, vrsn=200616040, 0, 3pPkg = null ,  3pMdlId = null ,  pid = 2840). Was: 2 for 1, account#1043286173# [CONTEXT service_id=47 ]
04-02 16:59:10.702  1848  1848 E servicemanager: Could not find android.hardware.power.IPower/default in the VINTF manifest.
04-02 16:59:10.703  2840 14967 I Places  : ?: Couldn't find platform key file.
04-02 16:59:10.711 23932  8642 I Icing   : Usage reports ok 1, Failed Usage reports 0, indexed 0, rejected 0
04-02 16:59:10.719  1848  1848 E servicemanager: Could not find android.hardware.power.IPower/default in the VINTF manifest.
04-02 16:59:10.720  1848  1848 E servicemanager: Could not find android.hardware.power.IPower/default in the VINTF manifest.
04-02 16:59:10.721 23932  8642 I GmsCoreXrpcWrapper: Returning a channel provider with trafficStatsTag=12803
04-02 16:59:10.722  2473  2473 D ImageWallpaper: wallpaper visibility changes: false
04-02 16:59:10.732  1848  1848 E servicemanager: Could not find android.hardware.power.IPower/default in the VINTF manifest.
04-02 16:59:10.742 23932  8642 I Icing   : Usage reports ok 0, Failed Usage reports 0, indexed 0, rejected 0
04-02 16:59:10.758  2308  5355 W AppOps  : Noting op not finished: uid 10103 pkg com.google.android.gms code 79 startTime of in progress event=1585861150745
04-02 16:59:10.759  1848  1848 E servicemanager: Could not find android.hardware.power.IPower/default in the VINTF manifest.
04-02 16:59:10.766  1848  1848 E servicemanager: Could not find android.hardware.power.IPower/default in the VINTF manifest.
04-02 16:59:10.769 23932  8642 I GmsCoreXrpcWrapper: Returning a channel provider with trafficStatsTag=12803
04-02 16:59:10.772  2308  3806 W AppOps  : Noting op not finished: uid 10103 pkg com.google.android.gms code 79 startTime of in progress event=1585861150745
04-02 16:59:10.777  2840  2840 I GeofencerStateMachine: removeGeofences: removeRequest=RemoveGeofencingRequest[REMOVE_BY_PENDING_INTENT pendingIntent=PendingIntent[creatorPackage=com.google.android.gms], packageName=com.google.android.gms]
04-02 16:59:10.782  1848  1848 E servicemanager: Could not find android.hardware.power.IPower/default in the VINTF manifest.
04-02 16:59:10.787  1848  1848 E servicemanager: Could not find android.hardware.power.IPower/default in the VINTF manifest.
04-02 16:59:10.788  2840  2840 I GeofencerStateMachine: removeGeofences: removeRequest=RemoveGeofencingRequest[REMOVE_BY_PENDING_INTENT pendingIntent=PendingIntent[creatorPackage=com.google.android.gms], packageName=com.google.android.gms]
04-02 16:59:10.792  2840 15243 I ctxmgr  : [ProducerStatusImpl] updateStateForNewContextData: inactive, contextName=7 [CONTEXT service_id=47 ]
04-02 16:59:10.795 23932  8642 I Icing   : Usage reports ok 0, Failed Usage reports 0, indexed 0, rejected 0
04-02 16:59:10.795  2840 15333 I PlaceInferenceEngine: [anon] Changed inference mode: 0
04-02 16:59:10.795  2840 15231 I Places  : ?: Couldn't find platform key file.
04-02 16:59:10.795  2840 15231 I Places  : ?: Couldn't find platform key file.
04-02 16:59:10.798  2840 15334 I Places  : ?: Couldn't find platform key file.
04-02 16:59:10.800  1848  1848 E servicemanager: Could not find android.hardware.power.IPower/default in the VINTF manifest.
04-02 16:59:10.802  1848  1848 E servicemanager: Could not find android.hardware.power.IPower/default in the VINTF manifest.
04-02 16:59:10.807  2840 15333 I PlaceInferenceEngine: [account#1043286173] Changed inference mode: 0
04-02 16:59:10.818  1848  1848 E servicemanager: Could not find android.hardware.power.IPower/default in the VINTF manifest.
04-02 16:59:10.820  1848  1848 E servicemanager: Could not find android.hardware.power.IPower/default in the VINTF manifest.
04-02 16:59:10.824  2840 13696 I Places  : ?: Couldn't find platform key file.
04-02 16:59:10.829  2840 13696 I Places  : ?: Couldn't find platform key file.
04-02 16:59:10.833  1848  1848 E servicemanager: Could not find android.hardware.power.IPower/default in the VINTF manifest.
04-02 16:59:10.851  1848  1848 I chatty  : uid=1000(system) /system/bin/servicemanager identical 3 lines
04-02 16:59:10.866  1848  1848 E servicemanager: Could not find android.hardware.power.IPower/default in the VINTF manifest.
04-02 16:59:10.871  2840 13696 I Places  : ?: Couldn't find platform key file.
04-02 16:59:10.872  2308  8457 W AppOps  : Noting op not finished: uid 10103 pkg com.google.android.gms code 79 startTime of in progress event=1585861150872
04-02 16:59:10.873  2148  2148 W adbd    : timeout expired while flushing socket, closing
04-02 16:59:10.877  2840 15243 I Places  : ?: Couldn't find platform key file.
04-02 16:59:10.881  2308  3443 W AppOps  : Noting op not finished: uid 10103 pkg com.google.android.gms code 79 startTime of in progress event=1585861150872
04-02 16:59:10.879  2840 15243 I Places  : ?: Couldn't find platform key file.
04-02 16:59:10.894  2840  2868 I .gms.persisten: Waiting for a blocking GC ProfileSaver
04-02 16:59:10.894  2840 15333 I Places  : ?: PlacesBleScanner start() with priority 2
04-02 16:59:10.894  2840 15333 I PlaceInferenceEngine: [anon] Changed inference mode: 1
04-02 16:59:10.894  2840 15333 I PlaceInferenceEngine: [account#1043286173] Changed inference mode: 1
04-02 16:59:10.901  1848  1848 E servicemanager: Could not find android.hardware.power.IPower/default in the VINTF manifest.
04-02 16:59:10.904  2840  2840 E BeaconBle: Missing BluetoothAdapter
04-02 16:59:10.904  2840  2840 I BeaconBle: BLE 'KK+' software access layer enabled
04-02 16:59:10.912  2840 15333 I Places  : Converted 0 out of 1 WiFi scans
04-02 16:59:10.918  1848  1848 E servicemanager: Could not find android.hardware.power.IPower/default in the VINTF manifest.
04-02 16:59:10.919  2308  3806 W AppOps  : Noting op not finished: uid 10103 pkg com.google.android.gms code 79 startTime of in progress event=1585861150872
04-02 16:59:10.921  2840 15333 I PlaceInferenceEngine: [account#1043286173] Changed inference mode: 1
04-02 16:59:10.921  2840 15333 I PlaceInferenceEngine: [anon] Changed inference mode: 1
04-02 16:59:10.922  2840 15335 I Places  : ?: Couldn't find platform key file.
04-02 16:59:10.922  2840 15243 I Places  : ?: Couldn't find platform key file.
04-02 16:59:10.923  2840 13696 I Places  : ?: Couldn't find platform key file.
04-02 16:59:10.926  2840  2840 I BeaconBle: Client requested scan, settings=BleSettings [scanMode=ZERO_POWER, callbackType=ALL_MATCHES, reportDelayMillis=0, 1 filters, 0 clients, callingClientName=Places]
04-02 16:59:10.926  2840  2840 I BeaconBle: Scan : No clients left, canceling alarm.
04-02 16:59:10.927  2840  2840 E BeaconBle: Scan couldn't start for Places
04-02 16:59:10.927  2840  2840 W Places  : BLE failure while scanning - code 5
04-02 16:59:10.921  2308  3806 W AppOps  : Noting op not finished: uid 10103 pkg com.google.android.gms code 79 startTime of in progress event=1585861150872
04-02 16:59:10.930  2308  3436 W AppOps  : Noting op not finished: uid 10103 pkg com.google.android.gms code 79 startTime of in progress event=1585861150872
04-02 16:59:10.934  1848  1848 E servicemanager: Could not find android.hardware.power.IPower/default in the VINTF manifest.
04-02 16:59:10.936  2840 15231 I PlaceInferenceEngine: No beacon scan available - ignoring candidates.
04-02 16:59:10.938  2840 15243 I Places  : ?: Couldn't find platform key file.
04-02 16:59:10.949  2840 15231 I PlaceInferenceEngine: No beacon scan available - ignoring candidates.
04-02 16:59:10.951  2840 15243 I Places  : ?: Couldn't find platform key file.
04-02 16:59:10.951  1848  1848 E servicemanager: Could not find android.hardware.power.IPower/default in the VINTF manifest.
04-02 16:59:10.966  1848  1848 E servicemanager: Could not find android.hardware.power.IPower/default in the VINTF manifest.
04-02 16:59:10.973  2840 15231 I Places  : ?: Couldn't find platform key file.
04-02 16:59:10.983  1848  1848 E servicemanager: Could not find android.hardware.power.IPower/default in the VINTF manifest.
04-02 16:59:11.050  1848  1848 I chatty  : uid=1000(system) /system/bin/servicemanager identical 4 lines
04-02 16:59:11.067  1848  1848 E servicemanager: Could not find android.hardware.power.IPower/default in the VINTF manifest.
04-02 16:59:11.075  2840  2855 I .gms.persisten: Background concurrent copying GC freed 132744(5944KB) AllocSpace objects, 65(3424KB) LOS objects, 49% free, 11MB/22MB, paused 1.689ms total 244.670ms
04-02 16:59:11.075  2840  2868 I .gms.persisten: WaitForGcToComplete blocked ProfileSaver on HeapTrim for 181.225ms
04-02 16:59:11.084  1848  1848 E servicemanager: Could not find android.hardware.power.IPower/default in the VINTF manifest.
04-02 16:59:11.340  2308  2762 W AppOps  : Noting op not finished: uid 10103 pkg com.google.android.gms code 79 startTime of in progress event=1585861150872
04-02 16:59:11.345  2308  2762 W AppOps  : Noting op not finished: uid 10103 pkg com.google.android.gms code 79 startTime of in progress event=1585861151341
04-02 16:59:11.352  2308  8457 W AppOps  : Noting op not finished: uid 10103 pkg com.google.android.gms code 79 startTime of in progress event=1585861151341
04-02 16:59:11.358  2308  5355 W AppOps  : Noting op not finished: uid 10103 pkg com.google.android.gms code 79 startTime of in progress event=1585861151341
04-02 16:59:11.360  2308  5355 W AppOps  : Noting op not finished: uid 10102 pkg com.google.android.googlequicksearchbox code 79 startTime of in progress event=1585861044338
04-02 16:59:11.467  1848  1848 I chatty  : uid=1000(system) /system/bin/servicemanager identical 31 lines
04-02 16:59:11.468  1848  1848 E servicemanager: Could not find android.hardware.power.IPower/default in the VINTF manifest.
04-02 16:59:11.478 15298 15298 I System.out: Debugger has connected
04-02 16:59:11.478 15298 15298 I System.out: waiting for debugger to settle...
04-02 16:59:11.481  1848  1848 E servicemanager: Could not find android.hardware.power.IPower/default in the VINTF manifest.
04-02 16:59:11.667  1848  1848 I chatty  : uid=1000(system) /system/bin/servicemanager identical 28 lines
04-02 16:59:11.668  1848  1848 E servicemanager: Could not find android.hardware.power.IPower/default in the VINTF manifest.
04-02 16:59:11.679 15298 15298 I System.out: waiting for debugger to settle...
04-02 16:59:11.682  1848  1848 E servicemanager: Could not find android.hardware.power.IPower/default in the VINTF manifest.
04-02 16:59:11.870  1848  1848 I chatty  : uid=1000(system) /system/bin/servicemanager identical 29 lines
04-02 16:59:11.882  1848  1848 E servicemanager: Could not find android.hardware.power.IPower/default in the VINTF manifest.
04-02 16:59:11.883 15298 15298 I System.out: waiting for debugger to settle...
04-02 16:59:11.886  1848  1848 E servicemanager: Could not find android.hardware.power.IPower/default in the VINTF manifest.
04-02 16:59:12.071  1848  1848 I chatty  : uid=1000(system) /system/bin/servicemanager identical 34 lines
04-02 16:59:12.082  1848  1848 E servicemanager: Could not find android.hardware.power.IPower/default in the VINTF manifest.
04-02 16:59:12.084 15298 15298 I System.out: waiting for debugger to settle...
04-02 16:59:12.085  1848  1848 E servicemanager: Could not find android.hardware.power.IPower/default in the VINTF manifest.
04-02 16:59:12.249  2308  2331 W BroadcastQueue: Background execution not allowed: receiving Intent { act=android.intent.action.DROPBOX_ENTRY_ADDED flg=0x10 (has extras) } to com.google.android.gms/.stats.service.DropBoxEntryAddedReceiver
04-02 16:59:12.249  2308  2331 W BroadcastQueue: Background execution not allowed: receiving Intent { act=android.intent.action.DROPBOX_ENTRY_ADDED flg=0x10 (has extras) } to com.google.android.gms/.chimera.GmsIntentOperationService$PersistentTrustedReceiver
04-02 16:59:12.270  1848  1848 I chatty  : uid=1000(system) /system/bin/servicemanager identical 41 lines
04-02 16:59:12.280  1848  1848 E servicemanager: Could not find android.hardware.power.IPower/default in the VINTF manifest.
04-02 16:59:12.285 15298 15298 I System.out: waiting for debugger to settle...
04-02 16:59:12.295  1848  1848 E servicemanager: Could not find android.hardware.power.IPower/default in the VINTF manifest.
04-02 16:59:12.414  1848  1848 I chatty  : uid=1000(system) /system/bin/servicemanager identical 17 lines
04-02 16:59:12.423  1848  1848 E servicemanager: Could not find android.hardware.power.IPower/default in the VINTF manifest.
04-02 16:59:12.488 15298 15298 I System.out: waiting for debugger to settle...
04-02 16:59:12.690 15298 15298 I System.out: waiting for debugger to settle...
04-02 16:59:12.891 15298 15298 I System.out: debugger has settled (1415)
04-02 16:59:12.905 15298 15298 I chnology.salut: The ClassLoaderContext is a special shared library.
04-02 16:59:12.910  2308  5989 D EGL_emulation: eglMakeCurrent: 0xf06a4f20: ver 3 0 (tinfo 0xb57e8610)
04-02 16:59:12.918 15298 15298 I chnology.salut: The ClassLoaderContext is a special shared library.
04-02 16:59:12.919  2308  2403 W InputDispatcher: channel '60727b5 Waiting For Debugger: com.chesapeaketechnology.salute (server)' ~ Consumer closed input channel or an error occurred.  events=0x9
04-02 16:59:12.919  2308  2403 E InputDispatcher: channel '60727b5 Waiting For Debugger: com.chesapeaketechnology.salute (server)' ~ Channel is unrecoverably broken and will be disposed!
04-02 16:59:12.920  2308  2323 W InputDispatcher: Attempted to unregister already unregistered input channel '60727b5 Waiting For Debugger: com.chesapeaketechnology.salute (server)'
04-02 16:59:12.922  1848  1848 E servicemanager: Could not find android.hardware.power.IPower/default in the VINTF manifest.
04-02 16:59:12.934  1848  1848 E servicemanager: Could not find android.hardware.power.IPower/default in the VINTF manifest.
04-02 16:59:12.938 15298 15298 I chnology.salut: The ClassLoaderContext is a special shared library.
04-02 16:59:12.949  1848  1848 E servicemanager: Could not find android.hardware.power.IPower/default in the VINTF manifest.
04-02 16:59:12.951 15298 15298 I chnology.salut: The ClassLoaderContext is a special shared library.
04-02 16:59:12.965  1848  1848 E servicemanager: Could not find android.hardware.power.IPower/default in the VINTF manifest.
04-02 16:59:13.103  1848  1848 I chatty  : uid=1000(system) /system/bin/servicemanager identical 9 lines
04-02 16:59:13.118  1848  1848 E servicemanager: Could not find android.hardware.power.IPower/default in the VINTF manifest.
04-02 16:59:13.245 15298 15298 D NetworkSecurityConfig: No Network Security Config specified, using platform default
04-02 16:59:13.266 15298 15298 D NetworkSecurityConfig: No Network Security Config specified, using platform default
04-02 16:59:13.316 15298 15349 D libEGL  : loaded /vendor/lib/egl/libEGL_emulation.so
04-02 16:59:13.318 15298 15349 D libEGL  : loaded /vendor/lib/egl/libGLESv1_CM_emulation.so
04-02 16:59:13.321 15298 15349 D libEGL  : loaded /vendor/lib/egl/libGLESv2_emulation.so
04-02 16:59:13.662 15298 15298 W chnology.salut: Accessing hidden method Landroid/view/View;->computeFitSystemWindows(Landroid/graphics/Rect;Landroid/graphics/Rect;)Z (greylist, reflection, allowed)
04-02 16:59:13.662 15298 15298 W chnology.salut: Accessing hidden method Landroid/view/ViewGroup;->makeOptionalFitsSystemWindows()V (greylist, reflection, allowed)
04-02 16:59:15.264  2151  2151 I perfetto: probes_producer.cc:336  Producer stop (id=228)
04-02 16:59:15.264  2163 15293 D iorapd  : PerfettoConsumer::ReadTrace(handle=228)
04-02 16:59:15.265  2153  2153 I perfetto: ng_service_impl.cc:1833 Tracing session 228 ended, total sessions:3
04-02 16:59:15.266  2151  2151 I perfetto: ftrace_procfs.cc:183    disabled ftrace
04-02 16:59:15.414  1848  1848 E servicemanager: Could not find android.hardware.power.IPower/default in the VINTF manifest.
04-02 16:59:15.561  1848  1848 I chatty  : uid=1000(system) /system/bin/servicemanager identical 2 lines
04-02 16:59:15.565  1848  1848 E servicemanager: Could not find android.hardware.power.IPower/default in the VINTF manifest.
04-02 16:59:15.588 15298 15347 D HostConnection: HostConnection::get() New Host Connection established 0xf06294d0, tid 15347
04-02 16:59:15.597 15298 15347 D HostConnection: HostComposition ext ANDROID_EMU_CHECKSUM_HELPER_v1 ANDROID_EMU_native_sync_v2 ANDROID_EMU_native_sync_v3 ANDROID_EMU_native_sync_v4 ANDROID_EMU_dma_v1 ANDROID_EMU_direct_mem ANDROID_EMU_host_composition_v1 ANDROID_EMU_host_composition_v2 ANDROID_EMU_YUV_Cache ANDROID_EMU_async_unmap_buffer GL_OES_EGL_image_external_essl3 GL_OES_vertex_array_object GL_KHR_texture_compression_astc_ldr ANDROID_EMU_gles_max_version_3_0 
04-02 16:59:15.634 15298 15347 W OpenGLRenderer: Failed to choose config with EGL_SWAP_BEHAVIOR_PRESERVED, retrying without...
04-02 16:59:15.635 15298 15347 D EGL_emulation: eglCreateContext: 0xf06a7ae0: maj 3 min 0 rcv 3
04-02 16:59:15.638 15298 15347 D EGL_emulation: eglMakeCurrent: 0xf06a7ae0: ver 3 0 (tinfo 0xc1811db0)
04-02 16:59:15.646  2076  2076 D eglCodecCommon: allocate: Ask for block of size 0x8e6200
04-02 16:59:15.646  2076  2076 D eglCodecCommon: allocate: ioctl allocate returned offset 0x3fb688000 size 0x8e8000
04-02 16:59:15.658  1849  1849 I hwservicemanager: getTransport: Cannot find entry android.hardware.graphics.mapper@4.0::IMapper/default in either framework or device manifest.
04-02 16:59:15.659 15298 15347 I Gralloc4: mapper 4.x is not supported
04-02 16:59:15.661 15298 15347 D HostConnection: createUnique: call
04-02 16:59:15.667 15298 15347 D HostConnection: HostConnection::get() New Host Connection established 0xf0628450, tid 15347
04-02 16:59:15.667 15298 15347 D eglCodecCommon: allocate: Ask for block of size 0x100
04-02 16:59:15.667 15298 15347 D eglCodecCommon: allocate: ioctl allocate returned offset 0x3f9df2000 size 0x2000
04-02 16:59:15.676 15298 15347 D HostConnection: HostComposition ext ANDROID_EMU_CHECKSUM_HELPER_v1 ANDROID_EMU_native_sync_v2 ANDROID_EMU_native_sync_v3 ANDROID_EMU_native_sync_v4 ANDROID_EMU_dma_v1 ANDROID_EMU_direct_mem ANDROID_EMU_host_composition_v1 ANDROID_EMU_host_composition_v2 ANDROID_EMU_YUV_Cache ANDROID_EMU_async_unmap_buffer GL_OES_EGL_image_external_essl3 GL_OES_vertex_array_object GL_KHR_texture_compression_astc_ldr ANDROID_EMU_gles_max_version_3_0 
04-02 16:59:15.677  2076  2076 D eglCodecCommon: allocate: Ask for block of size 0x8e6200
04-02 16:59:15.677  2076  2076 D eglCodecCommon: allocate: ioctl allocate returned offset 0x3fada0000 size 0x8e8000
04-02 16:59:15.684  2076  2144 D eglCodecCommon: allocate: Ask for block of size 0x8e6200
04-02 16:59:15.684  2076  2144 D eglCodecCommon: allocate: ioctl allocate returned offset 0x3f50a9000 size 0x8e8000
04-02 16:59:16.196 15298 15347 D EGL_emulation: eglMakeCurrent: 0xf06a7ae0: ver 3 0 (tinfo 0xc1811db0)
04-02 16:59:16.260  1848  1848 E servicemanager: Could not find android.hardware.power.IPower/default in the VINTF manifest.
04-02 16:59:16.265 15298 15298 I Choreographer: Skipped 49 frames!  The application may be doing too much work on its main thread.
04-02 16:59:16.266  1848  1848 E servicemanager: Could not find android.hardware.power.IPower/default in the VINTF manifest.
04-02 16:59:16.269  2308  2325 E EventSequenceValidator: onActivityLaunchFinished during UNKNOWN.
04-02 16:59:16.270  2308  2325 I EventSequenceValidator: dec AccIntentStartedEvents to 1
04-02 16:59:16.275  2308  2403 W InputDispatcher: channel 'fc376df Splash Screen com.chesapeaketechnology.salute (server)' ~ Consumer closed input channel or an error occurred.  events=0x9
04-02 16:59:16.275  2308  2403 E InputDispatcher: channel 'fc376df Splash Screen com.chesapeaketechnology.salute (server)' ~ Channel is unrecoverably broken and will be disposed!
04-02 16:59:16.275  2308  2331 I DropBoxManagerService: add tag=system_server_wtf isTagEnabled=true flags=0x2
04-02 16:59:16.276  2308  2330 I ActivityTaskManager: Displayed com.chesapeaketechnology.salute/.MainActivity: +6s57ms
04-02 16:59:16.276  2308  2326 W InputDispatcher: Attempted to unregister already unregistered input channel 'fc376df Splash Screen com.chesapeaketechnology.salute (server)'
04-02 16:59:16.277  1848  1848 E servicemanager: Could not find android.hardware.power.IPower/default in the VINTF manifest.
04-02 16:59:16.285  2163 15290 I iorapd  : Perfetto TraceBuffer saved to file: /data/misc/iorapd/com.chesapeaketechnology.salute/1/com.chesapeaketechnology.salute.MainActivity/raw_traces/1585861156285687000.perfetto_trace.pb
04-02 16:59:16.293  2163 15290 D iorapd  : Deleted raw trace for com.chesapeaketechnology.salute/com.chesapeaketechnology.salute.MainActivity@1 at /data/misc/iorapd/com.chesapeaketechnology.salute/1/com.chesapeaketechnology.salute.MainActivity/raw_traces/1585858891162522000.perfetto_trace.pb
04-02 16:59:16.365  1848  1848 I chatty  : uid=1000(system) /system/bin/servicemanager identical 10 lines
04-02 16:59:16.382  1848  1848 E servicemanager: Could not find android.hardware.power.IPower/default in the VINTF manifest.
04-02 16:59:16.391 11386 14856 I PBSessionCacheImpl: Deleted sessionId[50077742807453027] from persistence.
04-02 16:59:16.394 11386 11423 W SearchServiceCore: Abort, client detached.
04-02 16:59:16.394 11386 11423 I StreamController: cleanUpControllerScope(nowcards-15-d5fb537-ac72)
04-02 16:59:16.397  1848  1848 E servicemanager: Could not find android.hardware.power.IPower/default in the VINTF manifest.
