04-02 16:59:57.454  1848  1848 E servicemanager: Could not find android.hardware.power.IPower/default in the VINTF manifest.
04-02 16:59:57.901 19688 19692 W audio_hw_generic: Not supplying enough data to HAL, expected position 34733563 , only wrote 34556419
04-02 16:59:57.903  2308  5355 I system_server: oneway function results will be dropped but finished with status OK and parcel size 4
04-02 16:59:57.954  1848  1848 E servicemanager: Could not find android.hardware.power.IPower/default in the VINTF manifest.
04-02 16:59:59.470  1848  1848 I chatty  : uid=1000(system) /system/bin/servicemanager identical 3 lines
04-02 16:59:59.972  1848  1848 E servicemanager: Could not find android.hardware.power.IPower/default in the VINTF manifest.
04-02 17:00:00.018  2473  2831 D EGL_emulation: eglMakeCurrent: 0xf06ad030: ver 3 0 (tinfo 0xf073b230)
04-02 17:00:00.021  1848  1848 E servicemanager: Could not find android.hardware.power.IPower/default in the VINTF manifest.
04-02 17:00:07.539  1848  1848 I chatty  : uid=1000(system) /system/bin/servicemanager identical 15 lines
04-02 17:00:08.038  1848  1848 E servicemanager: Could not find android.hardware.power.IPower/default in the VINTF manifest.
04-02 17:00:08.064  2265  2265 E wifi_forwarder: RemoteConnection failed to initialize: RemoteConnection failed to open pipe
04-02 17:00:08.539  1848  1848 E servicemanager: Could not find android.hardware.power.IPower/default in the VINTF manifest.
04-02 17:00:48.339  1848  1848 I chatty  : uid=1000(system) /system/bin/servicemanager identical 81 lines
04-02 17:00:48.841  1848  1848 E servicemanager: Could not find android.hardware.power.IPower/default in the VINTF manifest.
04-02 17:00:49.198  2235  2235 E netmgr  : Failed to open QEMU pipe 'qemud:network': Invalid argument
04-02 17:00:49.355  1848  1848 E servicemanager: Could not find android.hardware.power.IPower/default in the VINTF manifest.
04-02 17:01:07.468  1848  1848 I chatty  : uid=1000(system) /system/bin/servicemanager identical 41 lines
04-02 17:01:07.970  1848  1848 E servicemanager: Could not find android.hardware.power.IPower/default in the VINTF manifest.
04-02 17:01:08.083  2265  2265 E wifi_forwarder: RemoteConnection failed to initialize: RemoteConnection failed to open pipe
04-02 17:01:08.488  1848  1848 E servicemanager: Could not find android.hardware.power.IPower/default in the VINTF manifest.
04-02 17:01:22.482  2308  2330 D AppStandbyController:    Checking idle state for com.android.printspooler special=false
04-02 17:01:22.482  2308  2330 D AppIdleHistory: com.android.printspooler lastUsedScreen=-26569 lastUsedElapsed=-22225
04-02 17:01:22.482  2308  2330 D AppIdleHistory: com.android.printspooler screenOn=227545397, elapsed=253943689
04-02 17:01:22.482  2308  2330 D AppStandbyController: Evaluated AOSP newBucket = 40
04-02 17:01:22.482  2308  2330 D AppStandbyController:     Keeping at ACTIVE due to min timeout
04-02 17:01:22.482  2308  2330 D AppStandbyController:      Old bucket=10, newBucket=10
04-02 17:01:23.621  2308  2330 D AppStandbyController:    Checking idle state for com.google.android.gms special=true
04-02 17:01:23.621  2308  2330 D AppIdleHistory: Moved com.google.android.gms to bucket=5, reason=0x0100
04-02 17:01:23.621  2308  2330 D AppStandbyController:    Checking idle state for com.google.android.gm special=false
04-02 17:01:23.621  2308  2330 D AppIdleHistory: com.google.android.gm lastUsedScreen=-26569 lastUsedElapsed=-22225
04-02 17:01:23.621  2308  2330 D AppIdleHistory: com.google.android.gm screenOn=227546536, elapsed=253944828
04-02 17:01:23.621  2308  2330 D AppStandbyController: Evaluated AOSP newBucket = 40
04-02 17:01:23.621  2308  2330 D AppStandbyController:     Keeping at ACTIVE due to min timeout
04-02 17:01:23.621  2308  2330 D AppStandbyController:      Old bucket=10, newBucket=10
04-02 17:01:23.622  2308  2330 D AppStandbyController:    Checking idle state for com.google.android.gms special=true
04-02 17:01:23.622  2308  2330 D AppIdleHistory: Moved com.google.android.gms to bucket=5, reason=0x0100
04-02 17:01:48.238  1848  1848 I chatty  : uid=1000(system) /system/bin/servicemanager identical 79 lines
04-02 17:01:48.753  1848  1848 E servicemanager: Could not find android.hardware.power.IPower/default in the VINTF manifest.
04-02 17:01:49.216  2235  2235 E netmgr  : Failed to open QEMU pipe 'qemud:network': Invalid argument
04-02 17:01:49.254  1848  1848 E servicemanager: Could not find android.hardware.power.IPower/default in the VINTF manifest.
04-02 17:02:07.388  1848  1848 I chatty  : uid=1000(system) /system/bin/servicemanager identical 37 lines
04-02 17:02:07.888  1848  1848 E servicemanager: Could not find android.hardware.power.IPower/default in the VINTF manifest.
04-02 17:02:08.143  2265  2265 E wifi_forwarder: RemoteConnection failed to initialize: RemoteConnection failed to open pipe
04-02 17:02:08.387  1848  1848 E servicemanager: Could not find android.hardware.power.IPower/default in the VINTF manifest.
04-02 17:02:25.521  1848  1848 I chatty  : uid=1000(system) /system/bin/servicemanager identical 34 lines
04-02 17:02:26.021  1848  1848 E servicemanager: Could not find android.hardware.power.IPower/default in the VINTF manifest.
04-02 17:02:26.063  2308  5355 D WifiNl80211Manager: Scan result ready event
04-02 17:02:26.064  2308  5355 D WifiNative: Scan result ready event
04-02 17:02:26.519  1848  1848 E servicemanager: Could not find android.hardware.power.IPower/default in the VINTF manifest.
04-02 17:02:35.071  1848  1848 I chatty  : uid=1000(system) /system/bin/servicemanager identical 17 lines
04-02 17:02:35.568  1848  1848 E servicemanager: Could not find android.hardware.power.IPower/default in the VINTF manifest.
04-02 17:02:35.778  2840  1744 E WakeLock: GCM_HB_ALARM release without a matched acquire!
04-02 17:02:35.837 15137 15137 W GrowthKit: Failed to initialize SyncGcoreGcmTaskService
04-02 17:02:35.837 15137 15137 W GrowthKit: java.lang.NullPointerException: Unable to get GrowthKit Component from host app.
04-02 17:02:35.837 15137 15137 W GrowthKit: 	at com.google.android.libraries.internal.growth.growthkit.inject.GrowthKit.get(GrowthKit.java:43)
04-02 17:02:35.837 15137 15137 W GrowthKit: 	at com.google.android.libraries.internal.growth.growthkit.internal.jobs.impl.GrowthKitJobService.onCreate(GrowthKitJobService.java:66)
04-02 17:02:35.837 15137 15137 W GrowthKit: 	at android.app.ActivityThread.handleCreateService(ActivityThread.java:4089)
04-02 17:02:35.837 15137 15137 W GrowthKit: 	at android.app.ActivityThread.access$1500(ActivityThread.java:229)
04-02 17:02:35.837 15137 15137 W GrowthKit: 	at android.app.ActivityThread$H.handleMessage(ActivityThread.java:1904)
04-02 17:02:35.837 15137 15137 W GrowthKit: 	at android.os.Handler.dispatchMessage(Handler.java:106)
04-02 17:02:35.837 15137 15137 W GrowthKit: 	at android.os.Looper.loop(Looper.java:216)
04-02 17:02:35.837 15137 15137 W GrowthKit: 	at android.app.ActivityThread.main(ActivityThread.java:7464)
04-02 17:02:35.837 15137 15137 W GrowthKit: 	at java.lang.reflect.Method.invoke(Native Method)
04-02 17:02:35.837 15137 15137 W GrowthKit: 	at com.android.internal.os.RuntimeInit$MethodAndArgsCaller.run(RuntimeInit.java:549)
04-02 17:02:35.837 15137 15137 W GrowthKit: 	at com.android.internal.os.ZygoteInit.main(ZygoteInit.java:955)
04-02 17:02:35.970 23932  7332 I Checkin : [EventLogChimeraService] Opted in for usage reporting: false
04-02 17:02:35.970 23932  7332 I Checkin : [EventLogChimeraService] Aggregate from 1585859435803 (log), 1585859435803 (data)
04-02 17:02:36.015  2308  5355 I DropBoxManagerService: add tag=event_data isTagEnabled=true flags=0x2
04-02 17:02:36.020  2308  2331 W BroadcastQueue: Background execution not allowed: receiving Intent { act=android.intent.action.DROPBOX_ENTRY_ADDED flg=0x10 (has extras) } to com.google.android.gms/.stats.service.DropBoxEntryAddedReceiver
04-02 17:02:36.020  2308  2331 W BroadcastQueue: Background execution not allowed: receiving Intent { act=android.intent.action.DROPBOX_ENTRY_ADDED flg=0x10 (has extras) } to com.google.android.gms/.chimera.GmsIntentOperationService$PersistentTrustedReceiver
04-02 17:02:36.067  1848  1848 E servicemanager: Could not find android.hardware.power.IPower/default in the VINTF manifest.
04-02 17:02:48.652  1848  1848 I chatty  : uid=1000(system) /system/bin/servicemanager identical 25 lines
04-02 17:02:49.171  1848  1848 E servicemanager: Could not find android.hardware.power.IPower/default in the VINTF manifest.
04-02 17:02:49.233  2235  2235 E netmgr  : Failed to open QEMU pipe 'qemud:network': Invalid argument
04-02 17:02:49.670  1848  1848 E servicemanager: Could not find android.hardware.power.IPower/default in the VINTF manifest.
04-02 17:03:01.754  1848  1848 I chatty  : uid=1000(system) /system/bin/servicemanager identical 25 lines
04-02 17:03:02.252  1848  1848 E servicemanager: Could not find android.hardware.power.IPower/default in the VINTF manifest.
04-02 17:03:02.253  8583  8631 I Finsky  : [4394] kcd.run(3): Stats for Executor: BlockingExecutor keb@244a768[Running, pool size = 0, active threads = 0, queued tasks = 0, completed tasks = 55]
04-02 17:03:02.254  8583  8631 I Finsky  : [4394] kcd.run(3): Stats for Executor: LightweightExecutor keb@4ad2781[Running, pool size = 3, active threads = 0, queued tasks = 0, completed tasks = 72]
04-02 17:03:02.752  1848  1848 E servicemanager: Could not find android.hardware.power.IPower/default in the VINTF manifest.
04-02 17:03:03.031  8583  8631 I Finsky  : [4394] kcd.run(3): Stats for Executor: bgExecutor keb@e895026[Running, pool size = 4, active threads = 0, queued tasks = 0, completed tasks = 178]
04-02 17:03:03.252  1848  1848 E servicemanager: Could not find android.hardware.power.IPower/default in the VINTF manifest.
04-02 17:03:03.921  2308  2330 D AppStandbyController:    Checking idle state for com.google.android.calendar special=false
04-02 17:03:03.921  2308  2330 D AppIdleHistory: com.google.android.calendar lastUsedScreen=-26569 lastUsedElapsed=-22225
04-02 17:03:03.921  2308  2330 D AppIdleHistory: com.google.android.calendar screenOn=227646836, elapsed=254045128
04-02 17:03:03.921  2308  2330 D AppStandbyController: Evaluated AOSP newBucket = 40
04-02 17:03:03.921  2308  2330 D AppStandbyController:     Keeping at ACTIVE due to min timeout
04-02 17:03:03.921  2308  2330 D AppStandbyController:      Old bucket=10, newBucket=10
04-02 17:03:03.921  2308  2330 D AppStandbyController:    Checking idle state for com.google.android.gm special=false
04-02 17:03:03.922  2308  2330 D AppIdleHistory: com.google.android.gm lastUsedScreen=-26569 lastUsedElapsed=-22225
04-02 17:03:03.922  2308  2330 D AppIdleHistory: com.google.android.gm screenOn=227646837, elapsed=254045129
04-02 17:03:03.922  2308  2330 D AppStandbyController: Evaluated AOSP newBucket = 40
04-02 17:03:03.922  2308  2330 D AppStandbyController:     Keeping at ACTIVE due to min timeout
04-02 17:03:03.922  2308  2330 D AppStandbyController:      Old bucket=10, newBucket=10
04-02 17:03:07.268  1848  1848 I chatty  : uid=1000(system) /system/bin/servicemanager identical 8 lines
04-02 17:03:07.786  1848  1848 E servicemanager: Could not find android.hardware.power.IPower/default in the VINTF manifest.
04-02 17:03:08.199  2265  2265 E wifi_forwarder: RemoteConnection failed to initialize: RemoteConnection failed to open pipe
04-02 17:03:08.287  1848  1848 E servicemanager: Could not find android.hardware.power.IPower/default in the VINTF manifest.
04-02 17:03:34.934  1848  1848 I chatty  : uid=1000(system) /system/bin/servicemanager identical 53 lines
04-02 17:03:35.434  1848  1848 E servicemanager: Could not find android.hardware.power.IPower/default in the VINTF manifest.
04-02 17:03:35.778  2840  2840 W GCM     : Heartbeat timeout, GCM connection reset -4
04-02 17:03:35.802  2840 15389 E WakeLock: GCM_HB_ALARM release without a matched acquire!
04-02 17:03:35.802  2840 15389 W WakeLock: GCM_HB_ALARM counter does not exist
04-02 17:03:35.806  2308  2434 D ConnectivityService: reportNetworkConnectivity(101, false) by 10103
04-02 17:03:35.811  2573  3662 D NetworkMonitor/101: Forcing reevaluation for UID 10103. Dns signal count: 0
04-02 17:03:35.934  1848  1848 E servicemanager: Could not find android.hardware.power.IPower/default in the VINTF manifest.
04-02 17:03:36.048  2840 15400 E WakeLock: GCM_CONN_ALARM release without a matched acquire!
04-02 17:03:36.436  1848  1848 E servicemanager: Could not find android.hardware.power.IPower/default in the VINTF manifest.
04-02 17:03:36.868  2573 15394 D NetworkMonitor/101: PROBE_DNS www.google.com 1047ms OK 172.253.63.147,172.253.63.103,172.253.63.105,172.253.63.104,172.253.63.99,172.253.63.106,2607:f8b0:4004:800::2004
04-02 17:03:36.871  2573 15395 D NetworkMonitor/101: PROBE_DNS connectivitycheck.gstatic.com 1049ms OK 172.217.15.99,2607:f8b0:4002:c09::5e
04-02 17:03:36.934  1848  1848 E servicemanager: Could not find android.hardware.power.IPower/default in the VINTF manifest.
04-02 17:03:36.987  2573 15395 D NetworkMonitor/101: PROBE_HTTP http://connectivitycheck.gstatic.com/generate_204 time=112ms ret=204 request={Connection=[close], User-Agent=[Mozilla/5.0 (X11; Linux x86_64) AppleWebKit/537.36 (KHTML, like Gecko) Chrome/60.0.3112.32 Safari/537.36]} headers={null=[HTTP/1.1 204 No Content], Connection=[close], Content-Length=[0], Date=[Thu, 02 Apr 2020 21:03:37 GMT], X-Android-Received-Millis=[1585861416986], X-Android-Response-Source=[NETWORK 204], X-Android-Selected-Protocol=[http/1.1], X-Android-Sent-Millis=[1585861416932]}
04-02 17:03:37.050  2573 15394 D NetworkMonitor/101: PROBE_HTTPS https://www.google.com/generate_204 time=177ms ret=204 request={Connection=[close], User-Agent=[Mozilla/5.0 (X11; Linux x86_64) AppleWebKit/537.36 (KHTML, like Gecko) Chrome/60.0.3112.32 Safari/537.36]} headers={null=[HTTP/1.1 204 No Content], Alt-Svc=[quic=":443"; ma=2592000; v="46,43",h3-Q050=":443"; ma=2592000,h3-Q049=":443"; ma=2592000,h3-Q048=":443"; ma=2592000,h3-Q046=":443"; ma=2592000,h3-Q043=":443"; ma=2592000,h3-T050=":443"; ma=2592000], Connection=[close], Content-Length=[0], Date=[Thu, 02 Apr 2020 21:03:37 GMT], X-Android-Received-Millis=[1585861417049], X-Android-Response-Source=[NETWORK 204], X-Android-Selected-Protocol=[http/1.1], X-Android-Sent-Millis=[1585861417010]}
04-02 17:03:37.054  2573 15393 D NetworkMonitor/101: isCaptivePortal: isSuccessful()=true isPortal()=false RedirectUrl=null isPartialConnectivity()=false Time=1235ms
04-02 17:03:37.057  2308  2434 D ConnectivityService: [101 WIFI] validation passed
04-02 17:03:37.437  1848  1848 E servicemanager: Could not find android.hardware.power.IPower/default in the VINTF manifest.
04-02 17:03:48.483  1848  1848 I chatty  : uid=1000(system) /system/bin/servicemanager identical 22 lines
04-02 17:03:48.983  1848  1848 E servicemanager: Could not find android.hardware.power.IPower/default in the VINTF manifest.
04-02 17:03:49.243  2235  2235 E netmgr  : Failed to open QEMU pipe 'qemud:network': Invalid argument
04-02 17:03:49.485  1848  1848 E servicemanager: Could not find android.hardware.power.IPower/default in the VINTF manifest.
04-02 17:04:07.570  1848  1848 I chatty  : uid=1000(system) /system/bin/servicemanager identical 37 lines
04-02 17:04:08.069  1848  1848 E servicemanager: Could not find android.hardware.power.IPower/default in the VINTF manifest.
04-02 17:04:08.232  2265  2265 E wifi_forwarder: RemoteConnection failed to initialize: RemoteConnection failed to open pipe
04-02 17:04:08.584  1848  1848 E servicemanager: Could not find android.hardware.power.IPower/default in the VINTF manifest.
04-02 17:04:48.268  1848  1848 I chatty  : uid=1000(system) /system/bin/servicemanager identical 81 lines
04-02 17:04:48.768  1848  1848 E servicemanager: Could not find android.hardware.power.IPower/default in the VINTF manifest.
04-02 17:04:49.248  2235  2235 E netmgr  : Failed to open QEMU pipe 'qemud:network': Invalid argument
04-02 17:04:49.269  1848  1848 E servicemanager: Could not find android.hardware.power.IPower/default in the VINTF manifest.
04-02 17:04:49.546  2308  2331 I ActivityManager: Killing 12681:com.android.chrome/u0a119 (adj 700): excessive cpu 13310 during 300021 dur=1120277 limit=2
04-02 17:04:49.559  2308  2333 I libprocessgroup: Successfully killed process cgroup uid 10119 pid 12681 in 0ms
04-02 17:04:49.719  2308  2403 W InputDispatcher: channel '8401500 com.android.chrome/com.google.android.apps.chrome.Main (server)' ~ Consumer closed input channel or an error occurred.  events=0x9
04-02 17:04:49.719  2308  2403 E InputDispatcher: channel '8401500 com.android.chrome/com.google.android.apps.chrome.Main (server)' ~ Channel is unrecoverably broken and will be disposed!
04-02 17:04:49.721  2308  8457 I WindowManager: WIN DEATH: Window{8401500 u0 com.android.chrome/com.google.android.apps.chrome.Main}
04-02 17:04:49.722  2308  8457 W InputDispatcher: Attempted to unregister already unregistered input channel '8401500 com.android.chrome/com.google.android.apps.chrome.Main (server)'
04-02 17:04:49.723  2308  3806 D ConnectivityService: ConnectivityService NetworkRequestInfo binderDied(NetworkRequest [ LISTEN id=192, [ Capabilities: INTERNET&NOT_RESTRICTED&TRUSTED&FOREGROUND Uid: 10119 RequestorUid: 10119 RequestorPackageName: com.android.chrome] ], android.os.BinderProxy@5a839d4)
04-02 17:04:49.723  2308  3178 D ConnectivityService: ConnectivityService NetworkRequestInfo binderDied(NetworkRequest [ TRACK_DEFAULT id=185, [ Capabilities: INTERNET&NOT_RESTRICTED&TRUSTED Uid: 10119 RequestorUid: 10119 RequestorPackageName: com.android.chrome] ], android.os.BinderProxy@7201327)
04-02 17:04:49.724  2308  5396 D ConnectivityService: ConnectivityService NetworkRequestInfo binderDied(NetworkRequest [ TRACK_DEFAULT id=189, [ Capabilities: INTERNET&NOT_RESTRICTED&TRUSTED Uid: 10119 RequestorUid: 10119 RequestorPackageName: com.android.chrome] ], android.os.BinderProxy@837677d)
04-02 17:04:49.724  2308  2434 D ConnectivityService: releasing NetworkRequest [ TRACK_DEFAULT id=185, [ Capabilities: INTERNET&NOT_RESTRICTED&TRUSTED Uid: 10119 RequestorUid: 10119 RequestorPackageName: com.android.chrome] ] (release request)
04-02 17:04:49.725  2308  2434 D ConnectivityService: releasing NetworkRequest [ TRACK_DEFAULT id=189, [ Capabilities: INTERNET&NOT_RESTRICTED&TRUSTED Uid: 10119 RequestorUid: 10119 RequestorPackageName: com.android.chrome] ] (release request)
04-02 17:04:49.727  2308 10560 D ConnectivityService: ConnectivityService NetworkRequestInfo binderDied(NetworkRequest [ LISTEN id=190, [ Capabilities: INTERNET&NOT_RESTRICTED&TRUSTED&FOREGROUND Uid: 10119 RequestorUid: 10119 RequestorPackageName: com.android.chrome] ], android.os.BinderProxy@8cd5672)
04-02 17:04:49.727  2308  5890 D ConnectivityService: ConnectivityService NetworkRequestInfo binderDied(NetworkRequest [ LISTEN id=186, [ Capabilities: INTERNET&NOT_RESTRICTED&TRUSTED&FOREGROUND Uid: 10119 RequestorUid: 10119 RequestorPackageName: com.android.chrome] ], android.os.BinderProxy@df0bac3)
04-02 17:04:49.730  2308  2762 D ConnectivityService: ConnectivityService NetworkRequestInfo binderDied(NetworkRequest [ TRACK_DEFAULT id=191, [ Capabilities: INTERNET&NOT_RESTRICTED&TRUSTED Uid: 10119 RequestorUid: 10119 RequestorPackageName: com.android.chrome] ], android.os.BinderProxy@e391f40)
04-02 17:04:49.731  2308  2434 D ConnectivityService: releasing NetworkRequest [ TRACK_DEFAULT id=191, [ Capabilities: INTERNET&NOT_RESTRICTED&TRUSTED Uid: 10119 RequestorUid: 10119 RequestorPackageName: com.android.chrome] ] (release request)
04-02 17:04:49.737  2063  2063 I Zygote  : Process 12681 exited due to signal 9 (Killed)
04-02 17:04:49.738  1848  1848 E servicemanager: Could not find android.hardware.power.IPower/default in the VINTF manifest.
04-02 17:04:49.759  2308  3436 E ProcessStats: Executing service ServiceState{157fe79 org.chromium.content.app.SandboxedProcessService0 pkg=com.android.chrome proc=604e111} without owner
04-02 17:04:49.770  2308  2331 I DropBoxManagerService: add tag=system_server_wtf isTagEnabled=true flags=0x2
04-02 17:04:49.747  1848  1848 E servicemanager: Could not find android.hardware.power.IPower/default in the VINTF manifest.
04-02 17:04:49.770  2646  2646 D Telephony: isEmergencyPreferredAccount: subId=1, activeData=1
04-02 17:04:49.772  2473  2831 D EGL_emulation: eglMakeCurrent: 0xf06ad030: ver 3 0 (tinfo 0xf073b230)
04-02 17:04:49.774  2646  2646 D Telephony: isEmergencyPreferredAccount: Device does not require preference.
04-02 17:04:49.774  2646  2646 D Telephony: isEmergencyPreferredAccount: subId=1, activeData=1
04-02 17:04:49.774  2646  2646 D Telephony: isEmergencyPreferredAccount: Device does not require preference.
04-02 17:04:49.774  2646  2646 D Telephony: isEmergencyPreferredAccount: subId=1, activeData=1
04-02 17:04:49.774  2646  2646 D Telephony: isEmergencyPreferredAccount: Device does not require preference.
04-02 17:04:49.777  1848  1848 E servicemanager: Could not find android.hardware.power.IPower/default in the VINTF manifest.
04-02 17:04:49.786  2308  3436 W ActivityManager: Exception when unbinding service com.android.chrome/org.chromium.content.app.SandboxedProcessService0:22
04-02 17:04:49.786  2308  3436 W ActivityManager: android.os.DeadObjectException
04-02 17:04:49.786  2308  3436 W ActivityManager: 	at android.os.BinderProxy.transactNative(Native Method)
04-02 17:04:49.786  2308  3436 W ActivityManager: 	at android.os.BinderProxy.transact(BinderProxy.java:529)
04-02 17:04:49.786  2308  3436 W ActivityManager: 	at android.app.IApplicationThread$Stub$Proxy.scheduleUnbindService(IApplicationThread.java:1624)
04-02 17:04:49.786  2308  3436 W ActivityManager: 	at com.android.server.am.ActiveServices.removeConnectionLocked(ActiveServices.java:3497)
04-02 17:04:49.786  2308  3436 W ActivityManager: 	at com.android.server.am.ActiveServices.killServicesLocked(ActiveServices.java:3898)
04-02 17:04:49.786  2308  3436 W ActivityManager: 	at com.android.server.am.ActivityManagerService.cleanUpApplicationRecordLocked(ActivityManagerService.java:14463)
04-02 17:04:49.786  2308  3436 W ActivityManager: 	at com.android.server.am.ActivityManagerService.handleAppDiedLocked(ActivityManagerService.java:3668)
04-02 17:04:49.786  2308  3436 W ActivityManager: 	at com.android.server.am.ActivityManagerService.appDiedLocked(ActivityManagerService.java:3822)
04-02 17:04:49.786  2308  3436 W ActivityManager: 	at com.android.server.am.ActivityManagerService$AppDeathRecipient.binderDied(ActivityManagerService.java:1574)
04-02 17:04:49.786  2308  3436 W ActivityManager: 	at android.os.IBinder$DeathRecipient.binderDied(IBinder.java:305)
04-02 17:04:49.786  2308  3436 W ActivityManager: 	at android.os.BinderProxy.sendDeathNotice(BinderProxy.java:643)
04-02 17:04:49.787  2308  3436 E ProcessStats: Executing service ServiceState{157fe79 org.chromium.content.app.SandboxedProcessService0 pkg=com.android.chrome proc=604e111} without owner
04-02 17:04:49.788  2308  3436 E ProcessStats: Foregrounding service ServiceState{157fe79 org.chromium.content.app.SandboxedProcessService0 pkg=com.android.chrome proc=604e111} without owner
04-02 17:04:49.788  2308  3436 E ProcessStats: Binding service ServiceState{157fe79 org.chromium.content.app.SandboxedProcessService0 pkg=com.android.chrome proc=604e111} without owner
04-02 17:04:49.788  2308  3436 E ProcessStats: Starting service ServiceState{157fe79 org.chromium.content.app.SandboxedProcessService0 pkg=com.android.chrome proc=604e111} without owner
04-02 17:04:49.781  1848  1848 I chatty  : uid=1000(system) /system/bin/servicemanager identical 1 line
04-02 17:04:49.784  1848  1848 E servicemanager: Could not find android.hardware.power.IPower/default in the VINTF manifest.
04-02 17:04:49.790 12728 12728 I Zygote  : Process 12738 exited cleanly (0)
04-02 17:04:49.791  2308  2331 I DropBoxManagerService: add tag=system_server_wtf isTagEnabled=true flags=0x2
04-02 17:04:49.791  2308  3436 E ProcessStats: Executing service ServiceState{157fe79 org.chromium.content.app.SandboxedProcessService0 pkg=com.android.chrome proc=604e111} without owner
04-02 17:04:49.792  2308  3436 E ProcessStats: Foregrounding service ServiceState{157fe79 org.chromium.content.app.SandboxedProcessService0 pkg=com.android.chrome proc=604e111} without owner
04-02 17:04:49.800  1848  1848 E servicemanager: Could not find android.hardware.power.IPower/default in the VINTF manifest.
04-02 17:04:49.802  1848  1848 E servicemanager: Could not find android.hardware.power.IPower/default in the VINTF manifest.
04-02 17:04:49.803  2473  2473 V KeyguardUpdateMonitor: onSubscriptionInfoChanged()
04-02 17:04:49.806  2308  2331 I DropBoxManagerService: add tag=system_server_wtf isTagEnabled=true flags=0x2
04-02 17:04:49.807  2473  2473 V KeyguardUpdateMonitor: SubInfo:{id=1 iccId=890141032[****] simSlotIndex=0 carrierId=1 displayName=T-Mobile carrierName=T-Mobile nameSource=3 iconTint=-16746133 mNumber=[****] dataRoaming=0 iconBitmap=android.graphics.Bitmap@9abe74 mcc 310 mnc 260mCountryIso=us isEmbedded false nativeAccessRules null cardString=890141032[****] cardId=-1 isOpportunistic=false mGroupUUID=null mIsGroupDisabled=false profileClass=-1 ehplmns=null hplmns=null subscriptionType=0 mGroupOwner=null carrierConfigAccessRules=null mAreUiccApplicationsEnabled=true}
04-02 17:04:49.810  2308  3436 W ActivityManager: Exception when unbinding service com.android.chrome/org.chromium.content.app.PrivilegedProcessService0
04-02 17:04:49.810  2308  3436 W ActivityManager: android.os.DeadObjectException
04-02 17:04:49.810  2308  3436 W ActivityManager: 	at android.os.BinderProxy.transactNative(Native Method)
04-02 17:04:49.810  2308  3436 W ActivityManager: 	at android.os.BinderProxy.transact(BinderProxy.java:529)
04-02 17:04:49.810  2308  3436 W ActivityManager: 	at android.app.IApplicationThread$Stub$Proxy.scheduleUnbindService(IApplicationThread.java:1624)
04-02 17:04:49.810  2308  3436 W ActivityManager: 	at com.android.server.am.ActiveServices.removeConnectionLocked(ActiveServices.java:3497)
04-02 17:04:49.810  2308  3436 W ActivityManager: 	at com.android.server.am.ActiveServices.killServicesLocked(ActiveServices.java:3898)
04-02 17:04:49.810  2308  3436 W ActivityManager: 	at com.android.server.am.ActivityManagerService.cleanUpApplicationRecordLocked(ActivityManagerService.java:14463)
04-02 17:04:49.810  2308  3436 W ActivityManager: 	at com.android.server.am.ActivityManagerService.handleAppDiedLocked(ActivityManagerService.java:3668)
04-02 17:04:49.810  2308  3436 W ActivityManager: 	at com.android.server.am.ActivityManagerService.appDiedLocked(ActivityManagerService.java:3822)
04-02 17:04:49.810  2308  3436 W ActivityManager: 	at com.android.server.am.ActivityManagerService$AppDeathRecipient.binderDied(ActivityManagerService.java:1574)
04-02 17:04:49.810  2308  3436 W ActivityManager: 	at android.os.IBinder$DeathRecipient.binderDied(IBinder.java:305)
04-02 17:04:49.810  2308  3436 W ActivityManager: 	at android.os.BinderProxy.sendDeathNotice(BinderProxy.java:643)
04-02 17:04:49.810  1848  1848 E servicemanager: Could not find android.hardware.power.IPower/default in the VINTF manifest.
04-02 17:04:49.811  2308  2331 I DropBoxManagerService: add tag=system_server_wtf isTagEnabled=true flags=0x2
04-02 17:04:49.811  2308  3436 E ProcessStats: Executing service ServiceState{157fe79 org.chromium.content.app.SandboxedProcessService0 pkg=com.android.chrome proc=604e111} without owner
04-02 17:04:49.813  2308  3436 W ActivityManager: Exception when unbinding service com.android.chrome/org.chromium.content.app.SandboxedProcessService0:0
04-02 17:04:49.813  2308  3436 W ActivityManager: android.os.DeadObjectException
04-02 17:04:49.813  2308  3436 W ActivityManager: 	at android.os.BinderProxy.transactNative(Native Method)
04-02 17:04:49.813  2308  3436 W ActivityManager: 	at android.os.BinderProxy.transact(BinderProxy.java:529)
04-02 17:04:49.813  2308  3436 W ActivityManager: 	at android.app.IApplicationThread$Stub$Proxy.scheduleUnbindService(IApplicationThread.java:1624)
04-02 17:04:49.813  2308  3436 W ActivityManager: 	at com.android.server.am.ActiveServices.removeConnectionLocked(ActiveServices.java:3497)
04-02 17:04:49.813  2308  3436 W ActivityManager: 	at com.android.server.am.ActiveServices.killServicesLocked(ActiveServices.java:3898)
04-02 17:04:49.813  2308  3436 W ActivityManager: 	at com.android.server.am.ActivityManagerService.cleanUpApplicationRecordLocked(ActivityManagerService.java:14463)
04-02 17:04:49.813  2308  3436 W ActivityManager: 	at com.android.server.am.ActivityManagerService.handleAppDiedLocked(ActivityManagerService.java:3668)
04-02 17:04:49.813  2308  3436 W ActivityManager: 	at com.android.server.am.ActivityManagerService.appDiedLocked(ActivityManagerService.java:3822)
04-02 17:04:49.813  2308  3436 W ActivityManager: 	at com.android.server.am.ActivityManagerService$AppDeathRecipient.binderDied(ActivityManagerService.java:1574)
04-02 17:04:49.813  2308  3436 W ActivityManager: 	at android.os.IBinder$DeathRecipient.binderDied(IBinder.java:305)
04-02 17:04:49.813  2308  3436 W ActivityManager: 	at android.os.BinderProxy.sendDeathNotice(BinderProxy.java:643)
04-02 17:04:49.812  2473  2473 V KeyguardUpdateMonitor: onSubscriptionInfoChanged()
04-02 17:04:49.813  2308  3436 E ProcessStats: Executing service ServiceState{157fe79 org.chromium.content.app.SandboxedProcessService0 pkg=com.android.chrome proc=604e111} without owner
04-02 17:04:49.813  1847  1847 W lowmemorykiller: Failed to open /proc/12738/oom_score_adj; errno=2: process 12738 might have been killed
04-02 17:04:49.814  1848  1848 E servicemanager: Could not find android.hardware.power.IPower/default in the VINTF manifest.
04-02 17:04:49.814  2473  2473 V KeyguardUpdateMonitor: SubInfo:{id=1 iccId=890141032[****] simSlotIndex=0 carrierId=1 displayName=T-Mobile carrierName=T-Mobile nameSource=3 iconTint=-16746133 mNumber=[****] dataRoaming=0 iconBitmap=android.graphics.Bitmap@9a29f9d mcc 310 mnc 260mCountryIso=us isEmbedded false nativeAccessRules null cardString=890141032[****] cardId=-1 isOpportunistic=false mGroupUUID=null mIsGroupDisabled=false profileClass=-1 ehplmns=null hplmns=null subscriptionType=0 mGroupOwner=null carrierConfigAccessRules=null mAreUiccApplicationsEnabled=true}
04-02 17:04:49.815  1848  1848 E servicemanager: Could not find android.hardware.power.IPower/default in the VINTF manifest.
04-02 17:04:49.815  2308  3436 E ProcessStats: Foregrounding service ServiceState{157fe79 org.chromium.content.app.SandboxedProcessService0 pkg=com.android.chrome proc=604e111} without owner
04-02 17:04:49.816  2308  3436 E ProcessStats: Binding service ServiceState{157fe79 org.chromium.content.app.SandboxedProcessService0 pkg=com.android.chrome proc=604e111} without owner
04-02 17:04:49.817  2308  3436 E ProcessStats: Starting service ServiceState{157fe79 org.chromium.content.app.SandboxedProcessService0 pkg=com.android.chrome proc=604e111} without owner
04-02 17:04:49.818  2308  3436 E ProcessStats: Executing service ServiceState{157fe79 org.chromium.content.app.SandboxedProcessService0 pkg=com.android.chrome proc=604e111} without owner
04-02 17:04:49.817  1848  1848 E servicemanager: Could not find android.hardware.power.IPower/default in the VINTF manifest.
04-02 17:04:49.818  1847  1847 W lowmemorykiller: Failed to open /proc/12738/oom_score_adj; errno=2: process 12738 might have been killed
04-02 17:04:49.818  2308  2331 I DropBoxManagerService: add tag=system_server_wtf isTagEnabled=true flags=0x2
04-02 17:04:49.819  2308  3436 E ProcessStats: Foregrounding service ServiceState{157fe79 org.chromium.content.app.SandboxedProcessService0 pkg=com.android.chrome proc=604e111} without owner
04-02 17:04:49.821  2473  2473 V KeyguardUpdateMonitor: onSubscriptionInfoChanged()
04-02 17:04:49.822  2473  2473 V KeyguardUpdateMonitor: SubInfo:{id=1 iccId=890141032[****] simSlotIndex=0 carrierId=1 displayName=T-Mobile carrierName=T-Mobile nameSource=3 iconTint=-16746133 mNumber=[****] dataRoaming=0 iconBitmap=android.graphics.Bitmap@74dfc12 mcc 310 mnc 260mCountryIso=us isEmbedded false nativeAccessRules null cardString=890141032[****] cardId=-1 isOpportunistic=false mGroupUUID=null mIsGroupDisabled=false profileClass=-1 ehplmns=null hplmns=null subscriptionType=0 mGroupOwner=null carrierConfigAccessRules=null mAreUiccApplicationsEnabled=true}
04-02 17:04:49.822  2308  3436 I ActivityManager: Killing 12738:com.android.chrome:sandboxed_process0:org.chromium.content.app.SandboxedProcessService0:0/u0a119i-9000 (adj 920): isolated not needed
04-02 17:04:49.822  1847  1847 W lowmemorykiller: Failed to open /proc/12738/oom_score_adj; errno=2: process 12738 might have been killed
04-02 17:04:49.822  1848  1848 E servicemanager: Could not find android.hardware.power.IPower/default in the VINTF manifest.
04-02 17:04:49.823  2308  3436 I ActivityManager: Killing 13357:com.android.chrome:sandboxed_process0:org.chromium.content.app.SandboxedProcessService0:22/u0a119i-8978 (adj 930): isolated not needed
04-02 17:04:49.823  1848  1848 E servicemanager: Could not find android.hardware.power.IPower/default in the VINTF manifest.
04-02 17:04:49.824  2308  2333 I libprocessgroup: Successfully killed process cgroup uid 90000 pid 12738 in 0ms
04-02 17:04:49.825  2308  2333 I libprocessgroup: Successfully killed process cgroup uid 90022 pid 13357 in 0ms
04-02 17:04:49.825 12728 12728 I Zygote  : Process 13357 exited cleanly (0)
04-02 17:04:49.825  2308  2325 W ActivityManager: setHasOverlayUi called on unknown pid: 12681
04-02 17:04:49.830  1848  1848 E servicemanager: Could not find android.hardware.power.IPower/default in the VINTF manifest.
04-02 17:04:49.851  1848  1848 I chatty  : uid=1000(system) /system/bin/servicemanager identical 7 lines
04-02 17:04:49.852  1848  1848 E servicemanager: Could not find android.hardware.power.IPower/default in the VINTF manifest.
04-02 17:04:49.854  2063  2063 I Zygote  : Process 12768 exited cleanly (0)
04-02 17:04:49.867  1848  1848 E servicemanager: Could not find android.hardware.power.IPower/default in the VINTF manifest.
04-02 17:04:49.870  2308  3806 I ActivityManager: Process com.android.chrome:privileged_process0 (pid 12768) has died: cch+10 CACC
04-02 17:04:49.871  2308  2333 I libprocessgroup: Successfully killed process cgroup uid 10119 pid 12768 in 0ms
04-02 17:04:49.876  2308  2308 W ActivityManager: Unable to start service Intent { act=android.service.contentcapture.ContentCaptureService cmp=com.google.android.as/com.google.android.apps.miphone.aiai.app.AiAiContentCaptureService } U=0: not found
04-02 17:04:49.876  2308  2308 W RemoteContentCaptureService: could not bind to Intent { act=android.service.contentcapture.ContentCaptureService cmp=com.google.android.as/com.google.android.apps.miphone.aiai.app.AiAiContentCaptureService } using flags 67108865
04-02 17:04:49.882  1848  1848 E servicemanager: Could not find android.hardware.power.IPower/default in the VINTF manifest.
04-02 17:04:51.784  2308  2331 W BroadcastQueue: Background execution not allowed: receiving Intent { act=android.intent.action.DROPBOX_ENTRY_ADDED flg=0x10 (has extras) } to com.google.android.gms/.stats.service.DropBoxEntryAddedReceiver
04-02 17:04:51.784  2308  2331 W BroadcastQueue: Background execution not allowed: receiving Intent { act=android.intent.action.DROPBOX_ENTRY_ADDED flg=0x10 (has extras) } to com.google.android.gms/.chimera.GmsIntentOperationService$PersistentTrustedReceiver
04-02 17:04:51.785  2308  2331 I ActivityManager: Killing 10187:com.android.keychain/1000 (adj 965): empty for 1800s
04-02 17:04:51.301  1848  1848 I chatty  : uid=1000(system) /system/bin/servicemanager identical 51 lines
04-02 17:04:51.804  1848  1848 E servicemanager: Could not find android.hardware.power.IPower/default in the VINTF manifest.
04-02 17:04:51.829  2308  2333 I libprocessgroup: Successfully killed process cgroup uid 1000 pid 10187 in 36ms
04-02 17:04:51.873  2063  2063 I Zygote  : Process 10187 exited due to signal 9 (Killed)
04-02 17:04:52.322  1848  1848 E servicemanager: Could not find android.hardware.power.IPower/default in the VINTF manifest.
04-02 17:04:54.319  1848  1848 I chatty  : uid=1000(system) /system/bin/servicemanager identical 4 lines
04-02 17:04:54.817  1848  1848 E servicemanager: Could not find android.hardware.power.IPower/default in the VINTF manifest.
04-02 17:04:54.863  2308  2331 I Process : Sending signal. PID: 12728 SIG: 9
04-02 17:04:54.908  2063  2063 I Zygote  : Process 12728 exited due to signal 9 (Killed)
04-02 17:04:55.316  1848  1848 E servicemanager: Could not find android.hardware.power.IPower/default in the VINTF manifest.
04-02 17:04:59.335  1848  1848 I chatty  : uid=1000(system) /system/bin/servicemanager identical 8 lines
04-02 17:04:59.851  1848  1848 E servicemanager: Could not find android.hardware.power.IPower/default in the VINTF manifest.
04-02 17:05:00.027  2473  2831 D EGL_emulation: eglMakeCurrent: 0xf06ad030: ver 3 0 (tinfo 0xf073b230)
04-02 17:05:00.031  1848  1848 E servicemanager: Could not find android.hardware.power.IPower/default in the VINTF manifest.
04-02 17:05:07.388  1848  1848 I chatty  : uid=1000(system) /system/bin/servicemanager identical 15 lines
04-02 17:05:07.885  1848  1848 E servicemanager: Could not find android.hardware.power.IPower/default in the VINTF manifest.
04-02 17:05:08.293  2265  2265 E wifi_forwarder: RemoteConnection failed to initialize: RemoteConnection failed to open pipe
04-02 17:05:08.385  1848  1848 E servicemanager: Could not find android.hardware.power.IPower/default in the VINTF manifest.
04-02 17:05:26.002  1848  1848 I chatty  : uid=1000(system) /system/bin/servicemanager identical 35 lines
04-02 17:05:26.503  1848  1848 E servicemanager: Could not find android.hardware.power.IPower/default in the VINTF manifest.
04-02 17:05:26.662  2308  3436 D WifiNl80211Manager: Scan result ready event
04-02 17:05:26.662  2308  3436 D WifiNative: Scan result ready event
04-02 17:05:27.002  1848  1848 E servicemanager: Could not find android.hardware.power.IPower/default in the VINTF manifest.
04-02 17:05:48.636  1848  1848 I chatty  : uid=1000(system) /system/bin/servicemanager identical 43 lines
04-02 17:05:49.136  1848  1848 E servicemanager: Could not find android.hardware.power.IPower/default in the VINTF manifest.
04-02 17:05:49.312  2235  2235 E netmgr  : Failed to open QEMU pipe 'qemud:network': Invalid argument
04-02 17:05:49.637  1848  1848 E servicemanager: Could not find android.hardware.power.IPower/default in the VINTF manifest.
04-02 17:06:07.746  1848  1848 I chatty  : uid=1000(system) /system/bin/servicemanager identical 37 lines
04-02 17:06:08.235  1848  1848 E servicemanager: Could not find android.hardware.power.IPower/default in the VINTF manifest.
04-02 17:06:08.356  2265  2265 E wifi_forwarder: RemoteConnection failed to initialize: RemoteConnection failed to open pipe
04-02 17:06:08.736  1848  1848 E servicemanager: Could not find android.hardware.power.IPower/default in the VINTF manifest.
04-02 17:06:48.468  1848  1848 I chatty  : uid=1000(system) /system/bin/servicemanager identical 79 lines
04-02 17:06:48.967  1848  1848 E servicemanager: Could not find android.hardware.power.IPower/default in the VINTF manifest.
04-02 17:06:49.320  2235  2235 E netmgr  : Failed to open QEMU pipe 'qemud:network': Invalid argument
04-02 17:06:49.467  1848  1848 E servicemanager: Could not find android.hardware.power.IPower/default in the VINTF manifest.
04-02 17:07:07.589  1848  1848 I chatty  : uid=1000(system) /system/bin/servicemanager identical 41 lines
04-02 17:07:08.085  1848  1848 E servicemanager: Could not find android.hardware.power.IPower/default in the VINTF manifest.
04-02 17:07:08.380  2265  2265 E wifi_forwarder: RemoteConnection failed to initialize: RemoteConnection failed to open pipe
04-02 17:07:08.585  1848  1848 E servicemanager: Could not find android.hardware.power.IPower/default in the VINTF manifest.
04-02 17:07:12.716  2308  2330 D AppStandbyController:    Checking idle state for com.google.android.calendar special=false
04-02 17:07:12.716  2308  2330 D AppIdleHistory: com.google.android.calendar lastUsedScreen=-26569 lastUsedElapsed=-22225
04-02 17:07:12.716  2308  2330 D AppIdleHistory: com.google.android.calendar screenOn=227895630, elapsed=254293922
04-02 17:07:12.716  2308  2330 D AppStandbyController: Evaluated AOSP newBucket = 40
04-02 17:07:12.716  2308  2330 D AppStandbyController:      Old bucket=10, newBucket=40
04-02 17:07:12.716  2308  2330 D AppIdleHistory: Moved com.google.android.calendar to bucket=40, reason=0x0200
04-02 17:07:12.717  2308  2330 D AppStandbyController: Standby bucket for com.google.android.calendar=40
04-02 17:07:12.720  2308  2330 D AppStandbyController:    Checking idle state for com.google.android.gm special=false
04-02 17:07:12.721  2308  2330 D AppIdleHistory: com.google.android.gm lastUsedScreen=-26569 lastUsedElapsed=-22225
04-02 17:07:12.721  2308  2330 D AppIdleHistory: com.google.android.gm screenOn=227895635, elapsed=254293927
04-02 17:07:12.721  2308  2330 D AppStandbyController: Evaluated AOSP newBucket = 40
04-02 17:07:12.721  2308  2330 D AppStandbyController:     Keeping at WORKING_SET due to min timeout
04-02 17:07:12.721  2308  2330 D AppStandbyController:      Old bucket=10, newBucket=20
04-02 17:07:12.721  2308  2330 D AppIdleHistory: Moved com.google.android.gm to bucket=20, reason=0x0307
04-02 17:07:12.721  2308  2330 D AppStandbyController: Standby bucket for com.google.android.gm=20
04-02 17:07:12.101  1848  1848 I chatty  : uid=1000(system) /system/bin/servicemanager identical 7 lines
04-02 17:07:12.601  1848  1848 E servicemanager: Could not find android.hardware.power.IPower/default in the VINTF manifest.
04-02 17:07:12.757  2062  2062 I netd    : firewallSetUidRule(2, 10123, 2) <22.13ms>
04-02 17:07:13.102  1848  1848 E servicemanager: Could not find android.hardware.power.IPower/default in the VINTF manifest.
04-02 17:07:48.818  1848  1848 I chatty  : uid=1000(system) /system/bin/servicemanager identical 75 lines
04-02 17:07:49.318  1848  1848 E servicemanager: Could not find android.hardware.power.IPower/default in the VINTF manifest.
04-02 17:07:49.381  2235  2235 E netmgr  : Failed to open QEMU pipe 'qemud:network': Invalid argument
04-02 17:07:49.818  1848  1848 E servicemanager: Could not find android.hardware.power.IPower/default in the VINTF manifest.
04-02 17:08:07.418  1848  1848 I chatty  : uid=1000(system) /system/bin/servicemanager identical 36 lines
04-02 17:08:07.928  1848  1848 E servicemanager: Could not find android.hardware.power.IPower/default in the VINTF manifest.
04-02 17:08:08.407  2265  2265 E wifi_forwarder: RemoteConnection failed to initialize: RemoteConnection failed to open pipe
04-02 17:08:08.419  1848  1848 E servicemanager: Could not find android.hardware.power.IPower/default in the VINTF manifest.
04-02 17:08:26.517  1848  1848 I chatty  : uid=1000(system) /system/bin/servicemanager identical 36 lines
04-02 17:08:27.018  1848  1848 E servicemanager: Could not find android.hardware.power.IPower/default in the VINTF manifest.
04-02 17:08:27.242  2308  3806 D WifiNl80211Manager: Scan result ready event
04-02 17:08:27.242  2308  3806 D WifiNative: Scan result ready event
04-02 17:08:27.517  1848  1848 E servicemanager: Could not find android.hardware.power.IPower/default in the VINTF manifest.
