04-02 16:59:16.400 11386 11423 I MicroDetectionState: Should stop hotword detection immediately - false
04-02 16:59:16.400  2308  2308 W ActivityManager: Unable to start service Intent { act=android.service.contentcapture.ContentCaptureService cmp=com.google.android.as/com.google.android.apps.miphone.aiai.app.AiAiContentCaptureService } U=0: not found
04-02 16:59:16.400  2308  2308 W RemoteContentCaptureService: could not bind to Intent { act=android.service.contentcapture.ContentCaptureService cmp=com.google.android.as/com.google.android.apps.miphone.aiai.app.AiAiContentCaptureService } using flags 67108865
04-02 16:59:16.400  1848  1848 E servicemanager: Could not find android.hardware.power.IPower/default in the VINTF manifest.
04-02 16:59:18.283  2308  2331 W BroadcastQueue: Background execution not allowed: receiving Intent { act=android.intent.action.DROPBOX_ENTRY_ADDED flg=0x10 (has extras) } to com.google.android.gms/.stats.service.DropBoxEntryAddedReceiver
04-02 16:59:18.283  2308  2331 W BroadcastQueue: Background execution not allowed: receiving Intent { act=android.intent.action.DROPBOX_ENTRY_ADDED flg=0x10 (has extras) } to com.google.android.gms/.chimera.GmsIntentOperationService$PersistentTrustedReceiver
04-02 16:59:21.484  2308  3443 W AppOps  : Noting op not finished: uid 10103 pkg com.google.android.gms code 79 startTime of in progress event=1585861156369
04-02 16:59:16.449  1848  1848 I chatty  : uid=1000(system) /system/bin/servicemanager identical 4 lines
04-02 16:59:16.467  1848  1848 E servicemanager: Could not find android.hardware.power.IPower/default in the VINTF manifest.
04-02 16:59:21.485  2840 14967 I Places  : ?: Couldn't find platform key file.
04-02 16:59:21.498  2840 15333 I Places  : ?: PlacesBleScanner stop()
04-02 16:59:21.499  2840  2840 I BeaconBle: Scan : No clients left, canceling alarm.
04-02 16:59:21.500  2840  2840 I BeaconBle: Scan canceled successfully.
04-02 16:59:21.501  2840 15333 I PlaceInferenceEngine: [anon] Changed inference mode: 0
04-02 16:59:21.501  2840 15333 I PlaceInferenceEngine: [account#1043286173] Changed inference mode: 0
04-02 16:59:21.502  2840 15354 I Places  : ?: Couldn't find platform key file.
04-02 16:59:21.520  2840 15353 I Places  : ?: Couldn't find platform key file.
04-02 16:59:21.521  2840 15356 I Places  : ?: Couldn't find platform key file.
04-02 16:59:21.528  2840 15231 I Places  : ?: Couldn't find platform key file.
04-02 16:59:21.539  2840  2840 I GeofencerStateMachine: removeGeofences: removeRequest=RemoveGeofencingRequest[REMOVE_BY_PENDING_INTENT pendingIntent=PendingIntent[creatorPackage=com.google.android.gms], packageName=com.google.android.gms]
04-02 16:59:21.543  2840  4263 W MessageQueue: Handler (adwv) {e4225a7} sending message to a Handler on a dead thread
04-02 16:59:21.543  2840  4263 W MessageQueue: java.lang.IllegalStateException: Handler (adwv) {e4225a7} sending message to a Handler on a dead thread
04-02 16:59:21.543  2840  4263 W MessageQueue: 	at android.os.MessageQueue.enqueueMessage(MessageQueue.java:559)
04-02 16:59:21.543  2840  4263 W MessageQueue: 	at android.os.Handler.enqueueMessage(Handler.java:778)
04-02 16:59:21.543  2840  4263 W MessageQueue: 	at android.os.Handler.sendMessageAtTime(Handler.java:727)
04-02 16:59:21.543  2840  4263 W MessageQueue: 	at adwv.sendMessageAtTime(:com.google.android.gms@200616040@20.06.16 (120700-296104215):0)
04-02 16:59:21.543  2840  4263 W MessageQueue: 	at android.os.Handler.sendMessageDelayed(Handler.java:697)
04-02 16:59:21.543  2840  4263 W MessageQueue: 	at android.os.Handler.post(Handler.java:427)
04-02 16:59:21.543  2840  4263 W MessageQueue: 	at baix.execute(:com.google.android.gms@200616040@20.06.16 (120700-296104215):0)
04-02 16:59:21.543  2840  4263 W MessageQueue: 	at aacm.execute(:com.google.android.gms@200616040@20.06.16 (120700-296104215):0)
04-02 16:59:21.543  2840  4263 W MessageQueue: 	at atnl.a(:com.google.android.gms@200616040@20.06.16 (120700-296104215):1)
04-02 16:59:21.543  2840  4263 W MessageQueue: 	at atnz.a(:com.google.android.gms@200616040@20.06.16 (120700-296104215):5)
04-02 16:59:21.543  2840  4263 W MessageQueue: 	at atog.a(:com.google.android.gms@200616040@20.06.16 (120700-296104215):33)
04-02 16:59:21.543  2840  4263 W MessageQueue: 	at atob.a(:com.google.android.gms@200616040@20.06.16 (120700-296104215):2)
04-02 16:59:21.543  2840  4263 W MessageQueue: 	at rqu.a(:com.google.android.gms@200616040@20.06.16 (120700-296104215):3)
04-02 16:59:21.543  2840  4263 W MessageQueue: 	at rqu.a(:com.google.android.gms@200616040@20.06.16 (120700-296104215):2)
04-02 16:59:21.543  2840  4263 W MessageQueue: 	at afku.a(:com.google.android.gms@200616040@20.06.16 (120700-296104215):0)
04-02 16:59:21.543  2840  4263 W MessageQueue: 	at rpk.a(:com.google.android.gms@200616040@20.06.16 (120700-296104215):0)
04-02 16:59:21.543  2840  4263 W MessageQueue: 	at cjc.onTransact(:com.google.android.gms@200616040@20.06.16 (120700-296104215):9)
04-02 16:59:21.543  2840  4263 W MessageQueue: 	at android.os.Binder.execTransactInternal(Binder.java:1138)
04-02 16:59:21.543  2840  4263 W MessageQueue: 	at android.os.Binder.execTransact(Binder.java:1102)
04-02 16:59:26.512  2840  2840 I BeaconBle: Scan : No clients left, canceling alarm.
04-02 16:59:27.837  2308  3806 D WifiNl80211Manager: Scan result ready event
04-02 16:59:27.838  2308  3806 D WifiNative: Scan result ready event
04-02 16:59:30.619 11386 11423 I WorkerManager: dispose()
04-02 16:59:30.620 11386 11423 W ThreadPoolDumper: Queue length for executor EventBus is now 11. Perhaps some tasks are too long, or the pool is too small.
04-02 16:59:36.498  2308  2316 I system_server: Background young concurrent copying GC freed 469828(19MB) AllocSpace objects, 58(2016KB) LOS objects, 36% free, 39MB/61MB, paused 823us total 672.778ms
04-02 16:59:36.534  2308  2318 W System  : A resource failed to call release. 
04-02 16:59:36.534  2308  2318 W System  : A resource failed to call release. 
04-02 16:59:36.536  1848  1848 E servicemanager: Could not find android.hardware.power.IPower/default in the VINTF manifest.
04-02 16:59:36.540  2308  2318 W System  : A resource failed to call release. 
04-02 16:59:36.556  2308  2318 I chatty  : uid=1000(system) FinalizerDaemon identical 6 lines
04-02 16:59:36.556  2308  2318 W System  : A resource failed to call release. 
04-02 16:59:36.556  1848  1848 E servicemanager: Could not find android.hardware.power.IPower/default in the VINTF manifest.
04-02 16:59:45.597  1848  1848 I chatty  : uid=1000(system) /system/bin/servicemanager identical 8 lines
04-02 16:59:45.601  1848  1848 E servicemanager: Could not find android.hardware.power.IPower/default in the VINTF manifest.
04-02 16:59:45.602  2308  3443 I system_server: oneway function results will be dropped but finished with status OK and parcel size 4
04-02 16:59:45.603  2308  3806 I system_server: oneway function results will be dropped but finished with status OK and parcel size 4
04-02 16:59:45.604  1848  1848 E servicemanager: Could not find android.hardware.power.IPower/default in the VINTF manifest.
04-02 16:59:45.614  1848  1848 I chatty  : uid=1000(system) /system/bin/servicemanager identical 1 line
04-02 16:59:45.616  1848  1848 E servicemanager: Could not find android.hardware.power.IPower/default in the VINTF manifest.
04-02 16:59:45.620 19688 19718 W audio_hw_generic: Not supplying enough data to HAL, expected position 34101738 , only wrote 34101651
04-02 16:59:45.623  1848  1848 E servicemanager: Could not find android.hardware.power.IPower/default in the VINTF manifest.
04-02 16:59:45.780  1848  1848 I chatty  : uid=1000(system) /system/bin/servicemanager identical 28 lines
04-02 16:59:45.783  1848  1848 E servicemanager: Could not find android.hardware.power.IPower/default in the VINTF manifest.
04-02 16:59:45.786  2165  2165 D AudioAnalytics: (key=audio.track.8) Track latencyMs:49.617500 startupMs:79.913000 detected on port:8 device:
04-02 16:59:45.820  1848  1848 E servicemanager: Could not find android.hardware.power.IPower/default in the VINTF manifest.
04-02 16:59:45.834  1848  1848 E servicemanager: Could not find android.hardware.power.IPower/default in the VINTF manifest.
04-02 16:59:45.852  2308  3443 I system_server: oneway function results will be dropped but finished with status OK and parcel size 4
04-02 16:59:46.018  1848  1848 E servicemanager: Could not find android.hardware.power.IPower/default in the VINTF manifest.
04-02 16:59:46.020  1848  1848 I chatty  : uid=1000(system) /system/bin/servicemanager identical 1 line
04-02 16:59:46.033  1848  1848 E servicemanager: Could not find android.hardware.power.IPower/default in the VINTF manifest.
04-02 16:59:46.040  2076  2144 D eglCodecCommon: allocate: Ask for block of size 0x3cdd40
04-02 16:59:46.040  2076  2144 D eglCodecCommon: allocate: ioctl allocate returned offset 0x3fc9f6000 size 0x3cf000
04-02 16:59:46.051  2076  2144 D eglCodecCommon: allocate: Ask for block of size 0x3cdd40
04-02 16:59:46.051  2076  2144 D eglCodecCommon: allocate: ioctl allocate returned offset 0x3fa9d1000 size 0x3cf000
04-02 16:59:46.056  2076  2076 D eglCodecCommon: allocate: Ask for block of size 0x3cdd40
04-02 16:59:46.056  2076  2076 D eglCodecCommon: allocate: ioctl allocate returned offset 0x3f7227000 size 0x3cf000
04-02 16:59:46.140 15298 15347 D EGL_emulation: eglMakeCurrent: 0xf06a7ae0: ver 3 0 (tinfo 0xc1811db0)
04-02 16:59:46.150  1848  1848 E servicemanager: Could not find android.hardware.power.IPower/default in the VINTF manifest.
04-02 16:59:46.159 15298 15347 D EGL_emulation: eglMakeCurrent: 0xf06a7ae0: ver 3 0 (tinfo 0xc1811db0)
04-02 16:59:46.163  1848  1848 E servicemanager: Could not find android.hardware.power.IPower/default in the VINTF manifest.
04-02 16:59:46.173  1848  1848 I chatty  : uid=1000(system) /system/bin/servicemanager identical 4 lines
04-02 16:59:46.183  1848  1848 E servicemanager: Could not find android.hardware.power.IPower/default in the VINTF manifest.
04-02 16:59:46.199 15298 15347 D EGL_emulation: eglMakeCurrent: 0xf06a7ae0: ver 3 0 (tinfo 0xc1811db0)
04-02 16:59:46.200  1848  1848 E servicemanager: Could not find android.hardware.power.IPower/default in the VINTF manifest.
04-02 16:59:46.215  1848  1848 I chatty  : uid=1000(system) /system/bin/servicemanager identical 3 lines
04-02 16:59:46.216  1848  1848 E servicemanager: Could not find android.hardware.power.IPower/default in the VINTF manifest.
04-02 16:59:46.220 15298 15347 D EGL_emulation: eglMakeCurrent: 0xf06a7ae0: ver 3 0 (tinfo 0xc1811db0)
04-02 16:59:46.220  1848  1848 E servicemanager: Could not find android.hardware.power.IPower/default in the VINTF manifest.
04-02 16:59:21.488  2308  3443 W AppOps  : Noting op not finished: uid 10103 pkg com.google.android.gms code 79 startTime of in progress event=1585861156369
04-02 16:59:46.251  2308  3443 E InputMethodManagerService: SOFT_INPUT_STATE_VISIBLE is ignored because there is no focused view that also returns true from View#onCheckIsTextEditor()
04-02 16:59:46.249  1848  1848 I chatty  : uid=1000(system) /system/bin/servicemanager identical 4 lines
04-02 16:59:46.253  1848  1848 E servicemanager: Could not find android.hardware.power.IPower/default in the VINTF manifest.
04-02 16:59:46.261 15298 15347 D EGL_emulation: eglMakeCurrent: 0xf06a7ae0: ver 3 0 (tinfo 0xc1811db0)
04-02 16:59:46.263  1848  1848 E servicemanager: Could not find android.hardware.power.IPower/default in the VINTF manifest.
04-02 16:59:46.266  1848  1848 E servicemanager: Could not find android.hardware.power.IPower/default in the VINTF manifest.
04-02 16:59:46.266 15298 15347 D EGL_emulation: eglMakeCurrent: 0xf06a7ae0: ver 3 0 (tinfo 0xc1811db0)
04-02 16:59:46.270  1848  1848 E servicemanager: Could not find android.hardware.power.IPower/default in the VINTF manifest.
04-02 16:59:46.348  1848  1848 I chatty  : uid=1000(system) /system/bin/servicemanager identical 12 lines
04-02 16:59:46.367  1848  1848 E servicemanager: Could not find android.hardware.power.IPower/default in the VINTF manifest.
04-02 16:59:47.437 15298 15347 D EGL_emulation: eglMakeCurrent: 0xf06a7ae0: ver 3 0 (tinfo 0xc1811db0)
04-02 16:59:47.441  1848  1848 E servicemanager: Could not find android.hardware.power.IPower/default in the VINTF manifest.
04-02 16:59:47.601  1848  1848 I chatty  : uid=1000(system) /system/bin/servicemanager identical 13 lines
04-02 16:59:47.646  1848  1848 E servicemanager: Could not find android.hardware.power.IPower/default in the VINTF manifest.
04-02 16:59:47.683 15298 15298 I AssistStructure: Flattened final assist data: 3100 bytes, containing 2 windows, 23 views
04-02 16:59:47.685  2308  2762 D ContentCapturePerUserService: Notified activity assist data for activity: Token{217b3ef ActivityRecord{59ce3da u0 com.chesapeaketechnology.salute/.MainActivity t235}} without a session Id
04-02 16:59:47.685  2308  2308 W ActivityManager: Unable to start service Intent { act=android.service.contentcapture.ContentCaptureService cmp=com.google.android.as/com.google.android.apps.miphone.aiai.app.AiAiContentCaptureService } U=0: not found
04-02 16:59:47.685  2308  2308 W RemoteContentCaptureService: could not bind to Intent { act=android.service.contentcapture.ContentCaptureService cmp=com.google.android.as/com.google.android.apps.miphone.aiai.app.AiAiContentCaptureService } using flags 67108865
04-02 16:59:47.697  1848  1848 E servicemanager: Could not find android.hardware.power.IPower/default in the VINTF manifest.
04-02 16:59:47.703  1848  1848 E servicemanager: Could not find android.hardware.power.IPower/default in the VINTF manifest.
04-02 16:59:47.706  3041  3041 I KeyboardViewUtil: KeyboardViewUtil.getKeyboardHeightRatio():128 systemKeyboardHeightRatio:1.000000; userKeyboardHeightRatio:1.000000.
04-02 16:59:47.706  3041  3041 I AndroidIME: AbstractIme.onActivate():83 LatinIme.onActivate() : EditorInfo = Package = com.chesapeaketechnology.salute : Type = Text : Learning = Enable : Suggestion = Show : AutoCorrection = Enable : Microphone = Show : NoPersonalizedLearning = Disable, IncognitoMode = false
04-02 16:59:47.706  2840  2840 W ljg     : Pending fill request while another request in the same session was triggered. [CONTEXT service_id=177 ]
04-02 16:59:47.706  3041  3041 I Delight5Facilitator: Delight5Facilitator.initializeForIme():572 initializeForIme() : Locale = [en_US], layout = qwerty
04-02 16:59:47.707  3041  3041 I VoiceInputManagerWrapper: VoiceInputManagerWrapper.cancelShutdown():54 cancelShutdown()
04-02 16:59:47.707  3041  3041 I VoiceInputManagerWrapper: VoiceInputManagerWrapper.syncLanguagePacks():66 syncLanguagePacks()
04-02 16:59:47.712  3041  9978 I SpeechFactory: SpeechRecognitionFactory.maybeScheduleAutoPackDownloadForFallback():155 maybeScheduleAutoPackDownloadForFallback()
04-02 16:59:47.714  1848  1848 E servicemanager: Could not find android.hardware.power.IPower/default in the VINTF manifest.
04-02 16:59:47.716  1848  1848 E servicemanager: Could not find android.hardware.power.IPower/default in the VINTF manifest.
04-02 16:59:47.724  3041  3041 I KeyboardWrapper: KeyboardWrapper.consumeEvent():264 Skip consuming an event as current keyboard is deactivated (state=0, keyboard existence=true)
04-02 16:59:47.728  2308  3806 I AssistStructure: Flattened final assist data: 3028 bytes, containing 2 windows, 23 views
04-02 16:59:47.736  2840 12240 W lep     : Infinite Data has no result for com.chesapeaketechnology.salute [CONTEXT service_id=177 ]
04-02 16:59:47.737  2840 13708 W lep     : Infinite Data has no result for com.chesapeaketechnology.salute [CONTEXT service_id=177 ]
04-02 16:59:47.745  2840 15367 W lep     : Infinite Data has no result for com.chesapeaketechnology.salute [CONTEXT service_id=177 ]
04-02 16:59:47.754  2308  2308 E RemoteAugmentedAutofillService: Bad service name for flags 1048704: com.google.android.as/com.google.android.apps.miphone.aiai.app.AiAiAugmentedAutofillService
04-02 16:59:47.748  2840 15367 W lep     : Infinite Data has no result for com.chesapeaketechnology.salute [CONTEXT service_id=177 ]
04-02 16:59:47.759  3041  3041 W KeyboardModeManager: KeyboardModeManager.setInputView():359 setInputView() : inputView = com.google.android.apps.inputmethod.libs.framework.core.InputView{cf9cfb V.E...... ......ID 0,0-1080,1962}
04-02 16:59:47.760  3041  3041 I ConversationToQueryExtension: ConversationToQueryExtension.isEnabledForHostApp():254 Conv2Query not enabled due to current app [com.chesapeaketechnology.salute] not in whitelist
04-02 16:59:47.760  3041  3041 I ConversationToQueryExtension: ConversationToQueryExtension.onActivate():165 onActivate() : Disabled by unsupported host app
04-02 16:59:47.807  1848  1848 E servicemanager: Could not find android.hardware.power.IPower/default in the VINTF manifest.
04-02 16:59:47.870  1848  1848 I chatty  : uid=1000(system) /system/bin/servicemanager identical 10 lines
04-02 16:59:47.872  1848  1848 E servicemanager: Could not find android.hardware.power.IPower/default in the VINTF manifest.
04-02 16:59:47.879  3041  3041 I ShortcutsDataManager: ShortcutsDataManager.onContentChanged():89 onContentChanged()
04-02 16:59:47.881  1848  1848 E servicemanager: Could not find android.hardware.power.IPower/default in the VINTF manifest.
04-02 16:59:48.100  1848  1848 I chatty  : uid=1000(system) /system/bin/servicemanager identical 45 lines
04-02 16:59:48.115  1848  1848 E servicemanager: Could not find android.hardware.power.IPower/default in the VINTF manifest.
04-02 16:59:48.118 15298 15347 D EGL_emulation: eglMakeCurrent: 0xf06a7ae0: ver 3 0 (tinfo 0xc1811db0)
04-02 16:59:48.124  1848  1848 E servicemanager: Could not find android.hardware.power.IPower/default in the VINTF manifest.
04-02 16:59:48.126 15298 15347 D EGL_emulation: eglMakeCurrent: 0xf06a7ae0: ver 3 0 (tinfo 0xc1811db0)
04-02 16:59:48.131  3041  3041 W InputConnectionWrapper: InputConnectionWrapper.recordDuration():1416 IPC IC_GET_TEXT_AFTER_CURSOR took 176 ms
04-02 16:59:48.131  1848  1848 E servicemanager: Could not find android.hardware.power.IPower/default in the VINTF manifest.
04-02 16:59:48.132  1848  1848 I chatty  : uid=1000(system) /system/bin/servicemanager identical 2 lines
04-02 16:59:48.135  1848  1848 E servicemanager: Could not find android.hardware.power.IPower/default in the VINTF manifest.
04-02 16:59:48.140 15298 15347 D EGL_emulation: eglMakeCurrent: 0xf06a7ae0: ver 3 0 (tinfo 0xc1811db0)
04-02 16:59:48.143  1848  1848 E servicemanager: Could not find android.hardware.power.IPower/default in the VINTF manifest.
04-02 16:59:48.145 15298 15347 D EGL_emulation: eglMakeCurrent: 0xf06a7ae0: ver 3 0 (tinfo 0xc1811db0)
04-02 16:59:48.150  1848  1848 E servicemanager: Could not find android.hardware.power.IPower/default in the VINTF manifest.
04-02 16:59:48.152  1848  1848 E servicemanager: Could not find android.hardware.power.IPower/default in the VINTF manifest.
04-02 16:59:48.157 15298 15347 D EGL_emulation: eglMakeCurrent: 0xf06a7ae0: ver 3 0 (tinfo 0xc1811db0)
04-02 16:59:48.161  1848  1848 E servicemanager: Could not find android.hardware.power.IPower/default in the VINTF manifest.
04-02 16:59:48.163 15298 15347 D EGL_emulation: eglMakeCurrent: 0xf06a7ae0: ver 3 0 (tinfo 0xc1811db0)
04-02 16:59:48.166  3041  3582 W native  : neural_spatial_model.cc:390 Output symbol table doesn't contain symbol: @
04-02 16:59:48.167  3041  3582 W native  : neural_spatial_model.cc:390 Output symbol table doesn't contain symbol: !
04-02 16:59:48.167  3041  3582 W native  : neural_spatial_model.cc:390 Output symbol table doesn't contain symbol: #
04-02 16:59:48.167  3041  3582 W native  : neural_spatial_model.cc:390 Output symbol table doesn't contain symbol: %
04-02 16:59:48.167  3041  3582 W native  : neural_spatial_model.cc:390 Output symbol table doesn't contain symbol: &
04-02 16:59:48.167  3041  3582 W native  : neural_spatial_model.cc:390 Output symbol table doesn't contain symbol: *
04-02 16:59:48.168  3041  3582 W native  : neural_spatial_model.cc:390 Output symbol table doesn't contain symbol: +
04-02 16:59:48.168  3041  3582 W native  : neural_spatial_model.cc:390 Output symbol table doesn't contain symbol: /
04-02 16:59:48.168  3041  3582 W native  : neural_spatial_model.cc:390 Output symbol table doesn't contain symbol: =
04-02 16:59:48.168  3041  3582 W native  : neural_spatial_model.cc:390 Output symbol table doesn't contain symbol: ?
04-02 16:59:48.168  1848  1848 E servicemanager: Could not find android.hardware.power.IPower/default in the VINTF manifest.
04-02 16:59:48.168  3041  3582 W native  : neural_spatial_model.cc:390 Output symbol table doesn't contain symbol: ^
04-02 16:59:48.168  3041  3582 W native  : neural_spatial_model.cc:390 Output symbol table doesn't contain symbol: _
04-02 16:59:48.168  3041  3582 W native  : neural_spatial_model.cc:390 Output symbol table doesn't contain symbol: `
04-02 16:59:48.168  3041  3582 W native  : neural_spatial_model.cc:390 Output symbol table doesn't contain symbol: {
04-02 16:59:48.168  3041  3582 W native  : neural_spatial_model.cc:390 Output symbol table doesn't contain symbol: |
04-02 16:59:48.168  3041  3582 W native  : neural_spatial_model.cc:390 Output symbol table doesn't contain symbol: }
04-02 16:59:48.168  3041  3582 W native  : neural_spatial_model.cc:390 Output symbol table doesn't contain symbol: ~
04-02 16:59:48.170  1848  1848 E servicemanager: Could not find android.hardware.power.IPower/default in the VINTF manifest.
04-02 16:59:48.181  1848  1848 E servicemanager: Could not find android.hardware.power.IPower/default in the VINTF manifest.
04-02 16:59:48.192  3041  3582 I native  : dynamic-oov-words.cc:213 AddPendingWords: 43 -> 0 3 ms
04-02 16:59:48.215  1848  1848 E servicemanager: Could not find android.hardware.power.IPower/default in the VINTF manifest.
04-02 16:59:48.231  1848  1848 I chatty  : uid=1000(system) /system/bin/servicemanager identical 1 line
04-02 16:59:48.238  1848  1848 E servicemanager: Could not find android.hardware.power.IPower/default in the VINTF manifest.
04-02 16:59:48.239 15298 15347 D EGL_emulation: eglMakeCurrent: 0xf06a7ae0: ver 3 0 (tinfo 0xc1811db0)
04-02 16:59:48.242  1848  1848 E servicemanager: Could not find android.hardware.power.IPower/default in the VINTF manifest.
04-02 16:59:48.249  1848  1848 I chatty  : uid=1000(system) /system/bin/servicemanager identical 1 line
04-02 16:59:48.256  1848  1848 E servicemanager: Could not find android.hardware.power.IPower/default in the VINTF manifest.
04-02 16:59:48.257 15298 15347 D EGL_emulation: eglMakeCurrent: 0xf06a7ae0: ver 3 0 (tinfo 0xc1811db0)
04-02 16:59:48.260  1848  1848 E servicemanager: Could not find android.hardware.power.IPower/default in the VINTF manifest.
04-02 16:59:48.268  1848  1848 I chatty  : uid=1000(system) /system/bin/servicemanager identical 2 lines
04-02 16:59:48.284  1848  1848 E servicemanager: Could not find android.hardware.power.IPower/default in the VINTF manifest.
04-02 16:59:48.285  3041  3582 I native  : input-context-store.cc:174 Ignoring stale client request for FetchSuggestions
04-02 16:59:48.298  1848  1848 E servicemanager: Could not find android.hardware.power.IPower/default in the VINTF manifest.
04-02 16:59:48.618  1848  1848 I chatty  : uid=1000(system) /system/bin/servicemanager identical 16 lines
04-02 16:59:48.636  1848  1848 E servicemanager: Could not find android.hardware.power.IPower/default in the VINTF manifest.
04-02 16:59:48.768 19688 19692 W audio_hw_generic: Not supplying enough data to HAL, expected position 34378081 , only wrote 34240461
04-02 16:59:48.772  2308  3443 I system_server: oneway function results will be dropped but finished with status OK and parcel size 4
04-02 16:59:48.833  1848  1848 E servicemanager: Could not find android.hardware.power.IPower/default in the VINTF manifest.
04-02 16:59:48.848  1848  1848 I chatty  : uid=1000(system) /system/bin/servicemanager identical 2 lines
04-02 16:59:48.856  1848  1848 E servicemanager: Could not find android.hardware.power.IPower/default in the VINTF manifest.
04-02 16:59:49.182  2235  2235 E netmgr  : Failed to open QEMU pipe 'qemud:network': Invalid argument
04-02 16:59:49.275  1848  1848 E servicemanager: Could not find android.hardware.power.IPower/default in the VINTF manifest.
04-02 16:59:49.301  2308  3443 I system_server: oneway function results will be dropped but finished with status OK and parcel size 4
04-02 16:59:49.302  2308  3443 I system_server: oneway function results will be dropped but finished with status OK and parcel size 4
04-02 16:59:49.304  1848  1848 E servicemanager: Could not find android.hardware.power.IPower/default in the VINTF manifest.
04-02 16:59:49.305 19688 19718 W audio_hw_generic: Not supplying enough data to HAL, expected position 34240550 , only wrote 34240461
04-02 16:59:49.321  1848  1848 E servicemanager: Could not find android.hardware.power.IPower/default in the VINTF manifest.
04-02 16:59:49.335 15298 15347 D EGL_emulation: eglMakeCurrent: 0xf06a7ae0: ver 3 0 (tinfo 0xc1811db0)
04-02 16:59:49.337 15298 15347 D OpenGLRenderer: endAllActiveAnimators on 0xf012f790 (RippleDrawable) with handle 0xc1822f10
04-02 16:59:49.338  2308  2403 W InputDispatcher: channel 'ae0a15d com.chesapeaketechnology.salute/com.chesapeaketechnology.salute.MainActivity (server)' ~ Consumer closed input channel or an error occurred.  events=0x9
04-02 16:59:49.338  2308  2403 E InputDispatcher: channel 'ae0a15d com.chesapeaketechnology.salute/com.chesapeaketechnology.salute.MainActivity (server)' ~ Channel is unrecoverably broken and will be disposed!
04-02 16:59:49.338  2308  5355 W InputDispatcher: Attempted to unregister already unregistered input channel 'ae0a15d com.chesapeaketechnology.salute/com.chesapeaketechnology.salute.MainActivity (server)'
04-02 16:59:49.339  1848  1848 E servicemanager: Could not find android.hardware.power.IPower/default in the VINTF manifest.
04-02 16:59:49.349  1848  1848 I chatty  : uid=1000(system) /system/bin/servicemanager identical 1 line
04-02 16:59:49.365  1848  1848 E servicemanager: Could not find android.hardware.power.IPower/default in the VINTF manifest.
04-02 16:59:49.368 15298 15347 D EGL_emulation: eglMakeCurrent: 0xf06a7ae0: ver 3 0 (tinfo 0xc1811db0)
04-02 16:59:49.378  1848  1848 E servicemanager: Could not find android.hardware.power.IPower/default in the VINTF manifest.
04-02 16:59:49.449  1848  1848 I chatty  : uid=1000(system) /system/bin/servicemanager identical 7 lines
04-02 16:59:49.467  1848  1848 E servicemanager: Could not find android.hardware.power.IPower/default in the VINTF manifest.
04-02 16:59:49.467  2165  2345 D AudioAnalytics: (key=audio.track.9) Track latencyMs:53.696333 startupMs:52.929000 detected on port:9 device:
04-02 16:59:49.481  1848  1848 E servicemanager: Could not find android.hardware.power.IPower/default in the VINTF manifest.
04-02 16:59:49.498  1848  1848 I chatty  : uid=1000(system) /system/bin/servicemanager identical 1 line
04-02 16:59:49.520  1848  1848 E servicemanager: Could not find android.hardware.power.IPower/default in the VINTF manifest.
04-02 16:59:49.521  2308  3443 I system_server: oneway function results will be dropped but finished with status OK and parcel size 4
04-02 16:59:49.533  1848  1848 E servicemanager: Could not find android.hardware.power.IPower/default in the VINTF manifest.
04-02 16:59:49.570  1848  1848 I chatty  : uid=1000(system) /system/bin/servicemanager identical 4 lines
04-02 16:59:49.584  1848  1848 E servicemanager: Could not find android.hardware.power.IPower/default in the VINTF manifest.
04-02 16:59:49.586  3041  3041 I KeyboardWrapper: KeyboardWrapper.consumeEvent():264 Skip consuming an event as current keyboard is deactivated (state=0, keyboard existence=true)
04-02 16:59:49.586  3041  3041 I VoiceInputManagerWrapper: VoiceInputManagerWrapper.shutdown():76 shutdown()
04-02 16:59:49.586  3041  3041 I AndroidIME: AbstractIme.onDeactivate():145 LatinIme.onDeactivate()
04-02 16:59:49.588  3041  3041 I ShortcutsDataManager: AbstractContentDataManager.startImportContentTask():208 startImportContentTask()
04-02 16:59:49.591  2308  3806 W WindowManager: Failed looking up window callers=com.android.server.wm.WindowManagerService.windowForClientLocked:5358 com.android.server.wm.Session.insetsModified:462 android.view.IWindowSession$Stub.onTransact:1210 
04-02 16:59:49.597  1848  1848 E servicemanager: Could not find android.hardware.power.IPower/default in the VINTF manifest.
04-02 16:59:49.618  1848  1848 I chatty  : uid=1000(system) /system/bin/servicemanager identical 5 lines
04-02 16:59:49.627  1848  1848 E servicemanager: Could not find android.hardware.power.IPower/default in the VINTF manifest.
04-02 16:59:49.643 15298 15298 I AssistStructure: Flattened final assist data: 1980 bytes, containing 1 windows, 10 views
04-02 16:59:49.643  2308  3806 D ContentCapturePerUserService: Notified activity assist data for activity: Token{217b3ef ActivityRecord{59ce3da u0 com.chesapeaketechnology.salute/.MainActivity t235}} without a session Id
04-02 16:59:49.644  2308  2308 W ActivityManager: Unable to start service Intent { act=android.service.contentcapture.ContentCaptureService cmp=com.google.android.as/com.google.android.apps.miphone.aiai.app.AiAiContentCaptureService } U=0: not found
04-02 16:59:49.644  2308  2308 W RemoteContentCaptureService: could not bind to Intent { act=android.service.contentcapture.ContentCaptureService cmp=com.google.android.as/com.google.android.apps.miphone.aiai.app.AiAiContentCaptureService } using flags 67108865
04-02 16:59:49.647  1848  1848 E servicemanager: Could not find android.hardware.power.IPower/default in the VINTF manifest.
04-02 16:59:49.651  1848  1848 I chatty  : uid=1000(system) /system/bin/servicemanager identical 1 line
04-02 16:59:49.653  1848  1848 E servicemanager: Could not find android.hardware.power.IPower/default in the VINTF manifest.
04-02 16:59:49.655  2840  2840 W ljg     : Pending fill request while another request in the same session was triggered. [CONTEXT service_id=177 ]
04-02 16:59:49.659  2308  3806 I AssistStructure: Flattened final assist data: 1916 bytes, containing 1 windows, 10 views
04-02 16:59:49.660  2840 15367 W lep     : Infinite Data has no result for com.chesapeaketechnology.salute [CONTEXT service_id=177 ]
04-02 16:59:49.662  2840 13708 W lep     : Infinite Data has no result for com.chesapeaketechnology.salute [CONTEXT service_id=177 ]
04-02 16:59:49.664  1848  1848 E servicemanager: Could not find android.hardware.power.IPower/default in the VINTF manifest.
04-02 16:59:49.671  2308  2308 E RemoteAugmentedAutofillService: Bad service name for flags 1048704: com.google.android.as/com.google.android.apps.miphone.aiai.app.AiAiAugmentedAutofillService
04-02 16:59:49.683  1848  1848 I chatty  : uid=1000(system) /system/bin/servicemanager identical 4 lines
04-02 16:59:49.685  1848  1848 E servicemanager: Could not find android.hardware.power.IPower/default in the VINTF manifest.
04-02 16:59:49.715  3041  3041 I KeyboardViewUtil: KeyboardViewUtil.getKeyboardHeightRatio():128 systemKeyboardHeightRatio:1.000000; userKeyboardHeightRatio:1.000000.
04-02 16:59:49.716  3041  3041 I AndroidIME: AbstractIme.onActivate():83 LatinIme.onActivate() : EditorInfo = Package = com.chesapeaketechnology.salute : Type = Text : Learning = Enable : Suggestion = Show : AutoCorrection = Enable : Microphone = Show : NoPersonalizedLearning = Disable, IncognitoMode = false
04-02 16:59:49.716  3041  3041 I Delight5Facilitator: Delight5Facilitator.initializeForIme():572 initializeForIme() : Locale = [en_US], layout = qwerty
04-02 16:59:49.716  3041  3041 I VoiceInputManagerWrapper: VoiceInputManagerWrapper.cancelShutdown():54 cancelShutdown()
04-02 16:59:49.716  3041  3041 I VoiceInputManagerWrapper: VoiceInputManagerWrapper.syncLanguagePacks():66 syncLanguagePacks()
04-02 16:59:49.716  3041  9978 I SpeechFactory: SpeechRecognitionFactory.maybeScheduleAutoPackDownloadForFallback():155 maybeScheduleAutoPackDownloadForFallback()
04-02 16:59:49.718  3041  3041 I KeyboardWrapper: KeyboardWrapper.consumeEvent():264 Skip consuming an event as current keyboard is deactivated (state=0, keyboard existence=true)
04-02 16:59:49.720  1848  1848 E servicemanager: Could not find android.hardware.power.IPower/default in the VINTF manifest.
04-02 16:59:49.733  3041  3041 W KeyboardModeManager: KeyboardModeManager.setInputView():359 setInputView() : inputView = com.google.android.apps.inputmethod.libs.framework.core.InputView{cf9cfb V.E...... ......ID 0,0-1080,1962}
04-02 16:59:49.734  3041  3041 I ConversationToQueryExtension: ConversationToQueryExtension.isEnabledForHostApp():254 Conv2Query not enabled due to current app [com.chesapeaketechnology.salute] not in whitelist
04-02 16:59:49.734  3041  3041 I ConversationToQueryExtension: ConversationToQueryExtension.onActivate():165 onActivate() : Disabled by unsupported host app
04-02 16:59:49.740  3041  3441 I ShortcutsDataManager: AbstractContentDataManager$ImportContentTask.doInBackground():222 doInBackground()
04-02 16:59:49.741  3041  3441 I PersonalDictionaryDataHandler: PersonalDictionaryDataHandler.beginProcess():112 LanguageTags = [en-US]
04-02 16:59:49.741  1848  1848 E servicemanager: Could not find android.hardware.power.IPower/default in the VINTF manifest.
04-02 16:59:49.787 11386 11386 I PublicSearchService: Creating pss binder().
04-02 16:59:49.790  1848  1848 E servicemanager: Could not find android.hardware.power.IPower/default in the VINTF manifest.
04-02 16:59:49.796 11386 16239 I PublicSearchService: Calling beginBinderSession().
04-02 16:59:49.797 11386 16239 I PublicSearchService: beginBinderSession(): calling binder
04-02 16:59:49.798  1848  1848 E servicemanager: Could not find android.hardware.power.IPower/default in the VINTF manifest.
04-02 16:59:49.799  1848  1848 E servicemanager: Could not find android.hardware.power.IPower/default in the VINTF manifest.
04-02 16:59:49.799 11386 16239 V AIEngines: #process
04-02 16:59:49.800 11386 18536 V AIEngineUtils: #sendCallbackAsIntent
04-02 16:59:49.800 11386 18536 V AIEngineUtils: #sendCallbackAsIntent: EXTRA_CALLBACK_EVENT
04-02 16:59:49.808 11386 18536 V AIEngines: #process: done
04-02 16:59:49.809  3041 18524 W AIClientCbStub: #onUpdate(): unrecognized callback event.
04-02 16:59:49.825  3041  3441 I ShortcutsDataManager: AbstractContentDataManager.importRecords():312 importRecords() : Success : Count = 0
04-02 16:59:49.830  3041  3441 I ShortcutsDataManager: AbstractContentDataManager.importContentData():262 importContentData() : Ending import process
04-02 16:59:49.852  3041  3441 I PersonalLanguageModelUpdater: PersonalLanguageModelUpdater$UpdateOperation.performInternal():160 run() : Added 0 words and 0 shortcuts
04-02 16:59:49.852  3041  3441 I DynamicLanguageModelOperation: DynamicLanguageModelOperation.perform():37 perform() : 4 : cjf : Completed
04-02 16:59:49.852  3041  3582 I Delight5Decoder: Delight5DecoderWrapper.loadLanguageModel():551 loadLanguageModel() : 4, version [n/a]
04-02 16:59:49.853  3041  3582 I Delight5Decoder: Delight5DecoderWrapper.loadLanguageModel():589 Loaded dynamic LM 4.en
04-02 16:59:49.853  3041  3041 I ShortcutsDataManager: AbstractContentDataManager$ImportContentTask.onPostExecute():233 onPostExecute() : Result = [2,0]
04-02 16:59:49.853  3041  3041 I ShortcutsDataManager: ShortcutsDataManager.onImportFinished():99 onImportFinished() : Result = 2 : Count = 0
04-02 16:59:50.088  1848  1848 E servicemanager: Could not find android.hardware.power.IPower/default in the VINTF manifest.
04-02 16:59:51.606  1848  1848 I chatty  : uid=1000(system) /system/bin/servicemanager identical 3 lines
04-02 16:59:52.104  1848  1848 E servicemanager: Could not find android.hardware.power.IPower/default in the VINTF manifest.
04-02 16:59:52.424 19688 19692 W audio_hw_generic: Not supplying enough data to HAL, expected position 34514614 , only wrote 34377949
04-02 16:59:52.427  2308  3806 I system_server: oneway function results will be dropped but finished with status OK and parcel size 4
04-02 16:59:52.612  1848  1848 E servicemanager: Could not find android.hardware.power.IPower/default in the VINTF manifest.
04-02 16:59:53.621  1848  1848 I chatty  : uid=1000(system) /system/bin/servicemanager identical 2 lines
04-02 16:59:53.845  1848  1848 E servicemanager: Could not find android.hardware.power.IPower/default in the VINTF manifest.
04-02 16:59:53.850  2308  3806 I system_server: oneway function results will be dropped but finished with status OK and parcel size 4
04-02 16:59:53.852 19688 19718 W audio_hw_generic: Not supplying enough data to HAL, expected position 34377989 , only wrote 34377949
04-02 16:59:53.853  2308  3806 I system_server: oneway function results will be dropped but finished with status OK and parcel size 4
04-02 16:59:53.869  1848  1848 E servicemanager: Could not find android.hardware.power.IPower/default in the VINTF manifest.
04-02 16:59:54.001  1848  1848 I chatty  : uid=1000(system) /system/bin/servicemanager identical 17 lines
04-02 16:59:54.003  1848  1848 E servicemanager: Could not find android.hardware.power.IPower/default in the VINTF manifest.
04-02 16:59:54.012  2165  2165 D AudioAnalytics: (key=audio.track.8) Track latencyMs:44.783833 startupMs:59.434000 detected on port:8 device:
04-02 16:59:54.015  1848  1848 E servicemanager: Could not find android.hardware.power.IPower/default in the VINTF manifest.
04-02 16:59:54.048  1848  1848 I chatty  : uid=1000(system) /system/bin/servicemanager identical 6 lines
04-02 16:59:54.051  1848  1848 E servicemanager: Could not find android.hardware.power.IPower/default in the VINTF manifest.
04-02 16:59:54.061  2308  2762 I system_server: oneway function results will be dropped but finished with status OK and parcel size 4
04-02 16:59:54.062  3041  3041 I KeyboardWrapper: KeyboardWrapper.consumeEvent():264 Skip consuming an event as current keyboard is deactivated (state=0, keyboard existence=true)
04-02 16:59:54.063  3041  3041 I VoiceInputManagerWrapper: VoiceInputManagerWrapper.shutdown():76 shutdown()
04-02 16:59:54.063  3041  3041 I AndroidIME: AbstractIme.onDeactivate():145 LatinIme.onDeactivate()
04-02 16:59:54.073  1848  1848 E servicemanager: Could not find android.hardware.power.IPower/default in the VINTF manifest.
04-02 16:59:54.086 15298 15298 I AssistStructure: Flattened final assist data: 2244 bytes, containing 1 windows, 10 views
04-02 16:59:54.086  2308  3443 D ContentCapturePerUserService: Notified activity assist data for activity: Token{217b3ef ActivityRecord{59ce3da u0 com.chesapeaketechnology.salute/.MainActivity t235}} without a session Id
04-02 16:59:54.086  2308  2308 W ActivityManager: Unable to start service Intent { act=android.service.contentcapture.ContentCaptureService cmp=com.google.android.as/com.google.android.apps.miphone.aiai.app.AiAiContentCaptureService } U=0: not found
04-02 16:59:54.086  2308  2308 W RemoteContentCaptureService: could not bind to Intent { act=android.service.contentcapture.ContentCaptureService cmp=com.google.android.as/com.google.android.apps.miphone.aiai.app.AiAiContentCaptureService } using flags 67108865
04-02 16:59:54.091  3041  3041 I KeyboardViewUtil: KeyboardViewUtil.getKeyboardHeightRatio():128 systemKeyboardHeightRatio:1.000000; userKeyboardHeightRatio:1.000000.
04-02 16:59:54.092  3041  3041 I AndroidIME: AbstractIme.onActivate():83 LatinIme.onActivate() : EditorInfo = Package = com.chesapeaketechnology.salute : Type = Text : Learning = Enable : Suggestion = Show : AutoCorrection = Enable : Microphone = Show : NoPersonalizedLearning = Disable, IncognitoMode = false
04-02 16:59:54.092  3041  3041 I Delight5Facilitator: Delight5Facilitator.initializeForIme():572 initializeForIme() : Locale = [en_US], layout = qwerty
04-02 16:59:54.092  3041  3041 I VoiceInputManagerWrapper: VoiceInputManagerWrapper.cancelShutdown():54 cancelShutdown()
04-02 16:59:54.092  3041  3041 I VoiceInputManagerWrapper: VoiceInputManagerWrapper.syncLanguagePacks():66 syncLanguagePacks()
04-02 16:59:54.093  3041  9978 I SpeechFactory: SpeechRecognitionFactory.maybeScheduleAutoPackDownloadForFallback():155 maybeScheduleAutoPackDownloadForFallback()
04-02 16:59:54.095  3041  3041 I KeyboardWrapper: KeyboardWrapper.consumeEvent():264 Skip consuming an event as current keyboard is deactivated (state=0, keyboard existence=true)
04-02 16:59:54.099  2840  2840 W ljg     : Pending fill request while another request in the same session was triggered. [CONTEXT service_id=177 ]
04-02 16:59:54.105  2308  2762 I AssistStructure: Flattened final assist data: 2172 bytes, containing 1 windows, 10 views
04-02 16:59:54.106  2840 15367 W lep     : Infinite Data has no result for com.chesapeaketechnology.salute [CONTEXT service_id=177 ]
04-02 16:59:54.107  2840 12240 W lep     : Infinite Data has no result for com.chesapeaketechnology.salute [CONTEXT service_id=177 ]
04-02 16:59:54.111  2840 13708 W lep     : Infinite Data has no result for com.chesapeaketechnology.salute [CONTEXT service_id=177 ]
04-02 16:59:54.112  2840 13708 W lep     : Infinite Data has no result for com.chesapeaketechnology.salute [CONTEXT service_id=177 ]
04-02 16:59:54.119  3041  3041 W KeyboardModeManager: KeyboardModeManager.setInputView():359 setInputView() : inputView = com.google.android.apps.inputmethod.libs.framework.core.InputView{cf9cfb V.E...... ......ID 0,0-1080,1962}
04-02 16:59:54.120  3041  3041 I ConversationToQueryExtension: ConversationToQueryExtension.isEnabledForHostApp():254 Conv2Query not enabled due to current app [com.chesapeaketechnology.salute] not in whitelist
04-02 16:59:54.120  3041  3041 I ConversationToQueryExtension: ConversationToQueryExtension.onActivate():165 onActivate() : Disabled by unsupported host app
04-02 16:59:54.133  2308  2308 E RemoteAugmentedAutofillService: Bad service name for flags 1048704: com.google.android.as/com.google.android.apps.miphone.aiai.app.AiAiAugmentedAutofillService
04-02 16:59:54.135  1848  1848 E servicemanager: Could not find android.hardware.power.IPower/default in the VINTF manifest.
04-02 16:59:54.135 11386 11386 I PublicSearchService: Creating pss binder().
04-02 16:59:54.146 11386 16239 I PublicSearchService: Calling beginBinderSession().
04-02 16:59:54.146 11386 16239 I PublicSearchService: beginBinderSession(): calling binder
04-02 16:59:54.150 11386 16243 V AIEngines: #process
04-02 16:59:54.151 11386 18538 V AIEngineUtils: #sendCallbackAsIntent
04-02 16:59:54.151 11386 18538 V AIEngineUtils: #sendCallbackAsIntent: EXTRA_CALLBACK_EVENT
04-02 16:59:54.152 11386 18538 V AIEngines: #process: done
04-02 16:59:54.157  3041 18524 W AIClientCbStub: #onUpdate(): unrecognized callback event.
04-02 16:59:54.473  1848  1848 E servicemanager: Could not find android.hardware.power.IPower/default in the VINTF manifest.
04-02 16:59:54.792  1848  1848 E servicemanager: Could not find android.hardware.power.IPower/default in the VINTF manifest.
04-02 16:59:54.800  2308  3443 I system_server: oneway function results will be dropped but finished with status OK and parcel size 4
04-02 16:59:54.803  1848  1848 E servicemanager: Could not find android.hardware.power.IPower/default in the VINTF manifest.
04-02 16:59:54.898  1848  1848 I chatty  : uid=1000(system) /system/bin/servicemanager identical 8 lines
04-02 16:59:54.900  1848  1848 E servicemanager: Could not find android.hardware.power.IPower/default in the VINTF manifest.
04-02 16:59:54.916  2165  2165 D AudioAnalytics: (key=audio.track.8) Track latencyMs:58.774500 startupMs:5.888000 detected on port:8 device:
04-02 16:59:54.935  1848  1848 E servicemanager: Could not find android.hardware.power.IPower/default in the VINTF manifest.
04-02 16:59:54.952  1848  1848 I chatty  : uid=1000(system) /system/bin/servicemanager identical 1 line
04-02 16:59:54.972  1848  1848 E servicemanager: Could not find android.hardware.power.IPower/default in the VINTF manifest.
04-02 16:59:54.978  2308  3443 I system_server: oneway function results will be dropped but finished with status OK and parcel size 4
04-02 16:59:54.981  1848  1848 E servicemanager: Could not find android.hardware.power.IPower/default in the VINTF manifest.
04-02 16:59:55.014  1848  1848 I chatty  : uid=1000(system) /system/bin/servicemanager identical 6 lines
04-02 16:59:55.017  1848  1848 E servicemanager: Could not find android.hardware.power.IPower/default in the VINTF manifest.
04-02 16:59:55.017  3041  3041 I KeyboardWrapper: KeyboardWrapper.consumeEvent():264 Skip consuming an event as current keyboard is deactivated (state=0, keyboard existence=true)
04-02 16:59:55.018  3041  3041 I VoiceInputManagerWrapper: VoiceInputManagerWrapper.shutdown():76 shutdown()
04-02 16:59:55.018  3041  3041 I AndroidIME: AbstractIme.onDeactivate():145 LatinIme.onDeactivate()
04-02 16:59:55.027  1848  1848 E servicemanager: Could not find android.hardware.power.IPower/default in the VINTF manifest.
04-02 16:59:55.031  1848  1848 I chatty  : uid=1000(system) /system/bin/servicemanager identical 1 line
04-02 16:59:55.034  1848  1848 E servicemanager: Could not find android.hardware.power.IPower/default in the VINTF manifest.
04-02 16:59:55.045 15298 15298 I AssistStructure: Flattened final assist data: 2152 bytes, containing 1 windows, 11 views
04-02 16:59:55.046  2308  3443 D ContentCapturePerUserService: Notified activity assist data for activity: Token{217b3ef ActivityRecord{59ce3da u0 com.chesapeaketechnology.salute/.MainActivity t235}} without a session Id
04-02 16:59:55.046  2308  2308 W ActivityManager: Unable to start service Intent { act=android.service.contentcapture.ContentCaptureService cmp=com.google.android.as/com.google.android.apps.miphone.aiai.app.AiAiContentCaptureService } U=0: not found
04-02 16:59:55.048  2308  2308 W RemoteContentCaptureService: could not bind to Intent { act=android.service.contentcapture.ContentCaptureService cmp=com.google.android.as/com.google.android.apps.miphone.aiai.app.AiAiContentCaptureService } using flags 67108865
04-02 16:59:55.055  3041  3041 I KeyboardViewUtil: KeyboardViewUtil.getKeyboardHeightRatio():128 systemKeyboardHeightRatio:1.000000; userKeyboardHeightRatio:1.000000.
04-02 16:59:55.055  3041  3041 I AndroidIME: AbstractIme.onActivate():83 LatinIme.onActivate() : EditorInfo = Package = com.chesapeaketechnology.salute : Type = Text : Learning = Enable : Suggestion = Show : AutoCorrection = Enable : Microphone = Show : NoPersonalizedLearning = Disable, IncognitoMode = false
04-02 16:59:55.055  3041  3041 I Delight5Facilitator: Delight5Facilitator.initializeForIme():572 initializeForIme() : Locale = [en_US], layout = qwerty
04-02 16:59:55.055  3041  3041 I VoiceInputManagerWrapper: VoiceInputManagerWrapper.cancelShutdown():54 cancelShutdown()
04-02 16:59:55.055  3041  3041 I VoiceInputManagerWrapper: VoiceInputManagerWrapper.syncLanguagePacks():66 syncLanguagePacks()
04-02 16:59:55.056  3041  9978 I SpeechFactory: SpeechRecognitionFactory.maybeScheduleAutoPackDownloadForFallback():155 maybeScheduleAutoPackDownloadForFallback()
04-02 16:59:55.057  3041  3041 I KeyboardWrapper: KeyboardWrapper.consumeEvent():264 Skip consuming an event as current keyboard is deactivated (state=0, keyboard existence=true)
04-02 16:59:55.058  2840  2840 W ljg     : Pending fill request while another request in the same session was triggered. [CONTEXT service_id=177 ]
04-02 16:59:55.066  2308  2762 I AssistStructure: Flattened final assist data: 2084 bytes, containing 1 windows, 11 views
04-02 16:59:55.066  2840 13708 W lep     : Infinite Data has no result for com.chesapeaketechnology.salute [CONTEXT service_id=177 ]
04-02 16:59:55.073  3041  3041 W KeyboardModeManager: KeyboardModeManager.setInputView():359 setInputView() : inputView = com.google.android.apps.inputmethod.libs.framework.core.InputView{cf9cfb V.E...... ......ID 0,0-1080,1962}
04-02 16:59:55.073  3041  3041 I ConversationToQueryExtension: ConversationToQueryExtension.isEnabledForHostApp():254 Conv2Query not enabled due to current app [com.chesapeaketechnology.salute] not in whitelist
04-02 16:59:55.073  3041  3041 I ConversationToQueryExtension: ConversationToQueryExtension.onActivate():165 onActivate() : Disabled by unsupported host app
04-02 16:59:55.079  2840 12240 W lep     : Infinite Data has no result for com.chesapeaketechnology.salute [CONTEXT service_id=177 ]
04-02 16:59:55.084  1848  1848 E servicemanager: Could not find android.hardware.power.IPower/default in the VINTF manifest.
04-02 16:59:55.090 11386 11386 I PublicSearchService: Creating pss binder().
04-02 16:59:55.093  2308  2308 E RemoteAugmentedAutofillService: Bad service name for flags 1048704: com.google.android.as/com.google.android.apps.miphone.aiai.app.AiAiAugmentedAutofillService
04-02 16:59:55.098  1848  1848 E servicemanager: Could not find android.hardware.power.IPower/default in the VINTF manifest.
04-02 16:59:55.098  1848  1848 E servicemanager: Could not find android.hardware.power.IPower/default in the VINTF manifest.
04-02 16:59:55.103 11386 16243 I PublicSearchService: Calling beginBinderSession().
04-02 16:59:55.103 11386 16243 I PublicSearchService: beginBinderSession(): calling binder
04-02 16:59:55.104 11386 16243 V AIEngines: #process
04-02 16:59:55.104 11386 18501 V AIEngineUtils: #sendCallbackAsIntent
04-02 16:59:55.105 11386 18501 V AIEngineUtils: #sendCallbackAsIntent: EXTRA_CALLBACK_EVENT
04-02 16:59:55.117 11386 18501 V AIEngines: #process: done
04-02 16:59:55.118  3041 18570 W AIClientCbStub: #onUpdate(): unrecognized callback event.
04-02 16:59:55.438  1848  1848 E servicemanager: Could not find android.hardware.power.IPower/default in the VINTF manifest.
04-02 16:59:56.956  1848  1848 I chatty  : uid=1000(system) /system/bin/servicemanager identical 3 lines
